Archive member included to satisfy reference by file (symbol)

C:/Users/berni/OneDrive/DOCUME~1/NEWFOL~1/CODE_G~1/slprj/ert/_sharedutils/rtwshared.lib(rt_roundd_snf.o)
                              group5_A2finalmodel.o (rt_roundd_snf)
C:/ProgramData/MATLAB/SupportPackages/R2023a/3P.instrset/cmsis.instrset/CMSIS/RTOS/RTX/LIB/GCC/libRTX_CM4.a(rt_cmsis.o)
                              RTX_Conf_CM.o (osKernelInitialize)
C:/ProgramData/MATLAB/SupportPackages/R2023a/3P.instrset/cmsis.instrset/CMSIS/RTOS/RTX/LIB/GCC/libRTX_CM4.a(hal_cm.o)
                              C:/ProgramData/MATLAB/SupportPackages/R2023a/3P.instrset/cmsis.instrset/CMSIS/RTOS/RTX/LIB/GCC/libRTX_CM4.a(rt_cmsis.o) (rt_ret_val)
C:/ProgramData/MATLAB/SupportPackages/R2023a/3P.instrset/cmsis.instrset/CMSIS/RTOS/RTX/LIB/GCC/libRTX_CM4.a(rt_memory.o)
                              C:/ProgramData/MATLAB/SupportPackages/R2023a/3P.instrset/cmsis.instrset/CMSIS/RTOS/RTX/LIB/GCC/libRTX_CM4.a(rt_cmsis.o) (rt_init_mem)
C:/ProgramData/MATLAB/SupportPackages/R2023a/3P.instrset/cmsis.instrset/CMSIS/RTOS/RTX/LIB/GCC/libRTX_CM4.a(rt_membox.o)
                              C:/ProgramData/MATLAB/SupportPackages/R2023a/3P.instrset/cmsis.instrset/CMSIS/RTOS/RTX/LIB/GCC/libRTX_CM4.a(rt_cmsis.o) (_init_box)
C:/ProgramData/MATLAB/SupportPackages/R2023a/3P.instrset/cmsis.instrset/CMSIS/RTOS/RTX/LIB/GCC/libRTX_CM4.a(rt_mutex.o)
                              C:/ProgramData/MATLAB/SupportPackages/R2023a/3P.instrset/cmsis.instrset/CMSIS/RTOS/RTX/LIB/GCC/libRTX_CM4.a(rt_cmsis.o) (rt_mut_init)
C:/ProgramData/MATLAB/SupportPackages/R2023a/3P.instrset/cmsis.instrset/CMSIS/RTOS/RTX/LIB/GCC/libRTX_CM4.a(rt_time.o)
                              C:/ProgramData/MATLAB/SupportPackages/R2023a/3P.instrset/cmsis.instrset/CMSIS/RTOS/RTX/LIB/GCC/libRTX_CM4.a(rt_cmsis.o) (os_time)
C:/ProgramData/MATLAB/SupportPackages/R2023a/3P.instrset/cmsis.instrset/CMSIS/RTOS/RTX/LIB/GCC/libRTX_CM4.a(rt_semaphore.o)
                              C:/ProgramData/MATLAB/SupportPackages/R2023a/3P.instrset/cmsis.instrset/CMSIS/RTOS/RTX/LIB/GCC/libRTX_CM4.a(rt_cmsis.o) (rt_sem_init)
C:/ProgramData/MATLAB/SupportPackages/R2023a/3P.instrset/cmsis.instrset/CMSIS/RTOS/RTX/LIB/GCC/libRTX_CM4.a(rt_mailbox.o)
                              C:/ProgramData/MATLAB/SupportPackages/R2023a/3P.instrset/cmsis.instrset/CMSIS/RTOS/RTX/LIB/GCC/libRTX_CM4.a(rt_cmsis.o) (rt_mbx_init)
C:/ProgramData/MATLAB/SupportPackages/R2023a/3P.instrset/cmsis.instrset/CMSIS/RTOS/RTX/LIB/GCC/libRTX_CM4.a(rt_list.o)
                              C:/ProgramData/MATLAB/SupportPackages/R2023a/3P.instrset/cmsis.instrset/CMSIS/RTOS/RTX/LIB/GCC/libRTX_CM4.a(rt_cmsis.o) (rt_put_prio)
C:/ProgramData/MATLAB/SupportPackages/R2023a/3P.instrset/cmsis.instrset/CMSIS/RTOS/RTX/LIB/GCC/libRTX_CM4.a(rt_event.o)
                              C:/ProgramData/MATLAB/SupportPackages/R2023a/3P.instrset/cmsis.instrset/CMSIS/RTOS/RTX/LIB/GCC/libRTX_CM4.a(rt_cmsis.o) (rt_evt_wait)
C:/ProgramData/MATLAB/SupportPackages/R2023a/3P.instrset/cmsis.instrset/CMSIS/RTOS/RTX/LIB/GCC/libRTX_CM4.a(rt_system.o)
                              C:/ProgramData/MATLAB/SupportPackages/R2023a/3P.instrset/cmsis.instrset/CMSIS/RTOS/RTX/LIB/GCC/libRTX_CM4.a(rt_cmsis.o) (rt_suspend)
C:/ProgramData/MATLAB/SupportPackages/R2023a/3P.instrset/cmsis.instrset/CMSIS/RTOS/RTX/LIB/GCC/libRTX_CM4.a(rt_task.o)
                              C:/ProgramData/MATLAB/SupportPackages/R2023a/3P.instrset/cmsis.instrset/CMSIS/RTOS/RTX/LIB/GCC/libRTX_CM4.a(rt_system.o) (rt_switch_req)
C:/ProgramData/MATLAB/SupportPackages/R2023a/3P.instrset/cmsis.instrset/CMSIS/RTOS/RTX/LIB/GCC/libRTX_CM4.a(hal_cm4.o)
                              C:/ProgramData/MATLAB/SupportPackages/R2023a/3P.instrset/cmsis.instrset/CMSIS/RTOS/RTX/LIB/GCC/libRTX_CM4.a(rt_task.o) (rt_get_PSP)
C:/ProgramData/MATLAB/SupportPackages/R2023a/3P.instrset/cmsis.instrset/CMSIS/RTOS/RTX/LIB/GCC/libRTX_CM4.a(svc_table.o)
                              C:/ProgramData/MATLAB/SupportPackages/R2023a/3P.instrset/cmsis.instrset/CMSIS/RTOS/RTX/LIB/GCC/libRTX_CM4.a(hal_cm4.o) (SVC_Table)
C:/ProgramData/MATLAB/SupportPackages/R2023a/3P.instrset/cmsis.instrset/CMSIS/RTOS/RTX/LIB/GCC/libRTX_CM4.a(rt_robin.o)
                              C:/ProgramData/MATLAB/SupportPackages/R2023a/3P.instrset/cmsis.instrset/CMSIS/RTOS/RTX/LIB/GCC/libRTX_CM4.a(rt_system.o) (os_robin)
C:/ProgramData/MATLAB/SupportPackages/R2023a/toolbox/target/supportpackages/freedomk64f/src/ksdk_armgcc_lib/bm/libksdk_platform.a(fsl_os_abstraction_bm.o)
                              MW_SCI.o (OSA_SemaPost)
C:/ProgramData/MATLAB/SupportPackages/R2023a/toolbox/target/supportpackages/freedomk64f/src/ksdk_armgcc_lib/bm/libksdk_platform.a(fsl_clock_manager.o)
                              board.o (CLOCK_SYS_OscInit)
C:/ProgramData/MATLAB/SupportPackages/R2023a/toolbox/target/supportpackages/freedomk64f/src/ksdk_armgcc_lib/bm/libksdk_platform.a(fsl_clock_manager_common.o)
[...]
Memory Configuration

Name             Origin             Length             Attributes
m_interrupts     0x00000000         0x00000400         xr
m_flash_config   0x00000400         0x00000010         xr
m_text           0x00000410         0x000ffbf0         xr
m_data_2         0x1fff0000         0x00010000         rw
m_data           0x20000000         0x00030000         rw
*default*        0x00000000         0xffffffff

Linker script and memory map

LOAD c:/programdata/matlab/supportpackages/r2023a/3p.instrset/gnuarm-armcortex.instrset/win/bin/../lib/gcc/arm-none-eabi/9.3.1/thumb/v7e-m+fp/hard/crti.o
LOAD c:/programdata/matlab/supportpackages/r2023a/3p.instrset/gnuarm-armcortex.instrset/win/bin/../lib/gcc/arm-none-eabi/9.3.1/thumb/v7e-m+fp/hard/crtbegin.o
LOAD c:/programdata/matlab/supportpackages/r2023a/3p.instrset/gnuarm-armcortex.instrset/win/bin/../lib/gcc/arm-none-eabi/9.3.1/../../../../arm-none-eabi/lib/thumb/v7e-m+fp/hard/crt0.o
LOAD MW_AnalogInput.o
LOAD mw_sdk_interface.o
LOAD MW_SCI.o
LOAD MW_digitalIO.o
LOAD i2c_api.o
LOAD MW_I2C.o
LOAD MW_PWM.o
LOAD ert_main.o
LOAD group5_A2finalmodel.o
LOAD group5_A2finalmodel_data.o
LOAD transmit.o
LOAD startup.o
LOAD system_MK64F12.o
LOAD startup_MK64F12.o
LOAD board.o
LOAD hardware_init.o
LOAD pin_mux.o
LOAD fsl_misc_utilities.o
LOAD fsl_edma_irq.o
LOAD fsl_uart_irq.o
LOAD irq_stub.o
LOAD sbrk.o
LOAD cmsis_rtos_init.o
LOAD RTX_Conf_CM.o
LOAD mw_thread.o
LOAD mw_semaphore.o
LOAD mw_timer.o
LOAD mw_signal.o
LOAD C:/Users/berni/OneDrive/DOCUME~1/NEWFOL~1/CODE_G~1/slprj/ert/_sharedutils/rtwshared.lib
LOAD C:/ProgramData/MATLAB/SupportPackages/R2023a/3P.instrset/cmsis.instrset/CMSIS/DSP/Lib/GCC/libarm_cortexM4lf_math.a
LOAD C:/ProgramData/MATLAB/SupportPackages/R2023a/3P.instrset/cmsis.instrset/CMSIS/RTOS/RTX/LIB/GCC/libRTX_CM4.a
LOAD C:/ProgramData/MATLAB/SupportPackages/R2023a/toolbox/target/supportpackages/freedomk64f/src/ksdk_armgcc_lib/bm/libksdk_platform.a
LOAD c:/programdata/matlab/supportpackages/r2023a/3p.instrset/gnuarm-armcortex.instrset/win/bin/../lib/gcc/arm-none-eabi/9.3.1/../../../../arm-none-eabi/lib/thumb/v7e-m+fp/hard\libstdc++.a
LOAD c:/programdata/matlab/supportpackages/r2023a/3p.instrset/gnuarm-armcortex.instrset/win/bin/../lib/gcc/arm-none-eabi/9.3.1/../../../../arm-none-eabi/lib/thumb/v7e-m+fp/hard\libm.a
START GROUP
LOAD c:/programdata/matlab/supportpackages/r2023a/3p.instrset/gnuarm-armcortex.instrset/win/bin/../lib/gcc/arm-none-eabi/9.3.1/thumb/v7e-m+fp/hard\libgcc.a
LOAD c:/programdata/matlab/supportpackages/r2023a/3p.instrset/gnuarm-armcortex.instrset/win/bin/../lib/gcc/arm-none-eabi/9.3.1/../../../../arm-none-eabi/lib/thumb/v7e-m+fp/hard\libg.a
LOAD c:/programdata/matlab/supportpackages/r2023a/3p.instrset/gnuarm-armcortex.instrset/win/bin/../lib/gcc/arm-none-eabi/9.3.1/../../../../arm-none-eabi/lib/thumb/v7e-m+fp/hard\libc.a
END GROUP
START GROUP
LOAD c:/programdata/matlab/supportpackages/r2023a/3p.instrset/gnuarm-armcortex.instrset/win/bin/../lib/gcc/arm-none-eabi/9.3.1/thumb/v7e-m+fp/hard\libgcc.a
LOAD c:/programdata/matlab/supportpackages/r2023a/3p.instrset/gnuarm-armcortex.instrset/win/bin/../lib/gcc/arm-none-eabi/9.3.1/../../../../arm-none-eabi/lib/thumb/v7e-m+fp/hard\libc.a
LOAD c:/programdata/matlab/supportpackages/r2023a/3p.instrset/gnuarm-armcortex.instrset/win/bin/../lib/gcc/arm-none-eabi/9.3.1/../../../../arm-none-eabi/lib/thumb/v7e-m+fp/hard\libnosys.a
END GROUP
LOAD c:/programdata/matlab/supportpackages/r2023a/3p.instrset/gnuarm-armcortex.instrset/win/bin/../lib/gcc/arm-none-eabi/9.3.1/thumb/v7e-m+fp/hard/crtend.o
LOAD c:/programdata/matlab/supportpackages/r2023a/3p.instrset/gnuarm-armcortex.instrset/win/bin/../lib/gcc/arm-none-eabi/9.3.1/thumb/v7e-m+fp/hard/crtn.o
                0x00000400                HEAP_SIZE = DEFINED (__heap_size__)?__heap_size__:0x400
                0x00000400                STACK_SIZE = DEFINED (__stack_size__)?__stack_size__:0x400
                0x00000000                M_VECTOR_RAM_SIZE = DEFINED (__ram_vector_table__)?0x400:0x0

.interrupts     0x00000000      0x400
                0x00000000                __VECTOR_TABLE = .
                0x00000000                . = ALIGN (0x4)
 *(.isr_vector)
 .isr_vector    0x00000000      0x400 startup_MK64F12.o
                0x00000000                __isr_vector
                0x00000400                . = ALIGN (0x4)

.flash_config   0x00000400       0x10
                0x00000400                . = ALIGN (0x4)
 *(.FlashConfig)
 .FlashConfig   0x00000400       0x10 startup_MK64F12.o
                0x00000410                . = ALIGN (0x4)

.text           0x00000440    0x10e68
                0x00000440                . = ALIGN (0x4)
 *(.text)
 .text          0x00000440       0x40 c:/programdata/matlab/supportpackages/r2023a/3p.instrset/gnuarm-armcortex.instrset/win/bin/../lib/gcc/arm-none-eabi/9.3.1/thumb/v7e-m+fp/hard/crtbegin.o
 .text          0x00000480       0x7c c:/programdata/matlab/supportpackages/r2023a/3p.instrset/gnuarm-armcortex.instrset/win/bin/../lib/gcc/arm-none-eabi/9.3.1/../../../../arm-none-eabi/lib/thumb/v7e-m+fp/hard/crt0.o
                0x00000480                _stack_init
                0x00000488                _start
                0x00000488                _mainCRTStartup
 .text          0x000004fc       0x14 startup_MK64F12.o
                0x000004fc                Reset_Handler
                0x0000050c                ENET_Receive_IRQHandler
                0x0000050c                ENET_1588_Timer_IRQHandler
                0x0000050c                DefaultISR
                0x0000050c                PIT2_IRQHandler
                0x0000050c                PIT0_IRQHandler
                0x0000050c                ENET_Error_IRQHandler
                0x0000050c                PIT3_IRQHandler
                0x0000050c                SDHC_IRQHandler
                0x0000050c                ENET_Transmit_IRQHandler
                0x0000050c                PIT1_IRQHandler
 .text          0x00000510      0x198 C:/ProgramData/MATLAB/SupportPackages/R2023a/3P.instrset/cmsis.instrset/CMSIS/RTOS/RTX/LIB/GCC/libRTX_CM4.a(hal_cm4.o)
                0x00000510                rt_set_PSP
                0x00000516                rt_get_PSP
                0x0000051c                os_set_env
                0x00000534                _alloc_box
                0x00000550                _free_box
                0x0000056c                SVC_Handler
                0x00000612                PendSV_Handler
                0x00000618                Sys_Switch
                0x00000672                SysTick_Handler
                0x0000067c                OS_Tick_Handler
 .text          0x000006a8      0x378 c:/programdata/matlab/supportpackages/r2023a/3p.instrset/gnuarm-armcortex.instrset/win/bin/../lib/gcc/arm-none-eabi/9.3.1/thumb/v7e-m+fp/hard\libgcc.a(_arm_addsubdf3.o)
                0x000006a8                __aeabi_drsub
                0x000006b0                __aeabi_dsub
                0x000006b0                __subdf3
                0x000006b4                __aeabi_dadd
                0x000006b4                __adddf3
                0x0000092c                __floatunsidf
                0x0000092c                __aeabi_ui2d
                0x0000094c                __floatsidf
                0x0000094c                __aeabi_i2d
                0x00000970                __aeabi_f2d
                0x00000970                __extendsfdf2
                0x000009b4                __floatundidf
                0x000009b4                __aeabi_ul2d
                0x000009c4                __floatdidf
                0x000009c4                __aeabi_l2d
 .text          0x00000a20      0x424 c:/programdata/matlab/supportpackages/r2023a/3p.instrset/gnuarm-armcortex.instrset/win/bin/../lib/gcc/arm-none-eabi/9.3.1/thumb/v7e-m+fp/hard\libgcc.a(_arm_muldivdf3.o)
                0x00000a20                __aeabi_dmul
                0x00000a20                __muldf3
                0x00000c74                __divdf3
                0x00000c74                __aeabi_ddiv
 .text          0x00000e44      0x110 c:/programdata/matlab/supportpackages/r2023a/3p.instrset/gnuarm-armcortex.instrset/win/bin/../lib/gcc/arm-none-eabi/9.3.1/thumb/v7e-m+fp/hard\libgcc.a(_arm_cmpdf2.o)
                0x00000e44                __gtdf2
                0x00000e44                __gedf2
                0x00000e4c                __ltdf2
                0x00000e4c                __ledf2
                0x00000e54                __nedf2
                0x00000e54                __eqdf2
                0x00000e54                __cmpdf2
                0x00000ed0                __aeabi_cdrcmple
                0x00000ee0                __aeabi_cdcmpeq
                0x00000ee0                __aeabi_cdcmple
                0x00000ef0                __aeabi_dcmpeq
                0x00000f04                __aeabi_dcmplt
                0x00000f18                __aeabi_dcmple
                0x00000f2c                __aeabi_dcmpge
                0x00000f40                __aeabi_dcmpgt
 .text          0x00000f54       0x2c c:/programdata/matlab/supportpackages/r2023a/3p.instrset/gnuarm-armcortex.instrset/win/bin/../lib/gcc/arm-none-eabi/9.3.1/thumb/v7e-m+fp/hard\libgcc.a(_arm_unorddf2.o)
                0x00000f54                __unorddf2
                0x00000f54                __aeabi_dcmpun
 .text          0x00000f80       0x50 c:/programdata/matlab/supportpackages/r2023a/3p.instrset/gnuarm-armcortex.instrset/win/bin/../lib/gcc/arm-none-eabi/9.3.1/thumb/v7e-m+fp/hard\libgcc.a(_arm_fixdfsi.o)
                0x00000f80                __aeabi_d2iz
                0x00000f80                __fixdfsi
 .text          0x00000fd0       0x40 c:/programdata/matlab/supportpackages/r2023a/3p.instrset/gnuarm-armcortex.instrset/win/bin/../lib/gcc/arm-none-eabi/9.3.1/thumb/v7e-m+fp/hard\libgcc.a(_arm_fixunsdfsi.o)
                0x00000fd0                __aeabi_d2uiz
                0x00000fd0                __fixunsdfsi
 .text          0x00001010       0xa0 c:/programdata/matlab/supportpackages/r2023a/3p.instrset/gnuarm-armcortex.instrset/win/bin/../lib/gcc/arm-none-eabi/9.3.1/thumb/v7e-m+fp/hard\libgcc.a(_arm_truncdfsf2.o)
                0x00001010                __truncdfsf2
                0x00001010                __aeabi_d2f
 .text          0x000010b0       0x30 c:/programdata/matlab/supportpackages/r2023a/3p.instrset/gnuarm-armcortex.instrset/win/bin/../lib/gcc/arm-none-eabi/9.3.1/thumb/v7e-m+fp/hard\libgcc.a(_aeabi_uldivmod.o)
                0x000010b0                __aeabi_uldivmod
 .text          0x000010e0      0x2c4 c:/programdata/matlab/supportpackages/r2023a/3p.instrset/gnuarm-armcortex.instrset/win/bin/../lib/gcc/arm-none-eabi/9.3.1/thumb/v7e-m+fp/hard\libgcc.a(_udivmoddi4.o)
                0x000010e0                __udivmoddi4
 .text          0x000013a4      0x9b8 c:/programdata/matlab/supportpackages/r2023a/3p.instrset/gnuarm-armcortex.instrset/win/bin/../lib/gcc/arm-none-eabi/9.3.1/thumb/v7e-m+fp/hard\libgcc.a(unwind-arm.o)
                0x0000164c                _Unwind_GetCFA
                0x00001650                __gnu_Unwind_RaiseException
                0x000016b0                __gnu_Unwind_ForcedUnwind
                0x000016c4                __gnu_Unwind_Resume
                0x00001708                __gnu_Unwind_Resume_or_Rethrow
                0x00001718                _Unwind_Complete
                0x0000171c                _Unwind_DeleteException
                0x00001728                _Unwind_VRS_Get
                0x00001770                _Unwind_VRS_Set
                0x000017b8                __gnu_Unwind_Backtrace
                0x00001ad8                __aeabi_unwind_cpp_pr0
                0x00001adc                __aeabi_unwind_cpp_pr1
                0x00001ae0                __aeabi_unwind_cpp_pr2
                0x00001ae4                _Unwind_VRS_Pop
 .text          0x00001d5c      0x1ac c:/programdata/matlab/supportpackages/r2023a/3p.instrset/gnuarm-armcortex.instrset/win/bin/../lib/gcc/arm-none-eabi/9.3.1/thumb/v7e-m+fp/hard\libgcc.a(libunwind.o)
                0x00001d5c                __restore_core_regs
                0x00001d5c                restore_core_regs
                0x00001d74                __gnu_Unwind_Restore_VFP
                0x00001d7c                __gnu_Unwind_Save_VFP
                0x00001d84                __gnu_Unwind_Restore_VFP_D
                0x00001d8c                __gnu_Unwind_Save_VFP_D
                0x00001d94                __gnu_Unwind_Restore_VFP_D_16_to_31
                0x00001d9c                __gnu_Unwind_Save_VFP_D_16_to_31
                0x00001da4                __gnu_Unwind_Restore_WMMXD
                0x00001de8                __gnu_Unwind_Save_WMMXD
                0x00001e2c                __gnu_Unwind_Restore_WMMXC
                0x00001e40                __gnu_Unwind_Save_WMMXC
                0x00001e54                ___Unwind_RaiseException
                0x00001e54                _Unwind_RaiseException
                0x00001e78                _Unwind_Resume
                0x00001e78                ___Unwind_Resume
                0x00001e9c                _Unwind_Resume_or_Rethrow
                0x00001e9c                ___Unwind_Resume_or_Rethrow
                0x00001ec0                _Unwind_ForcedUnwind
                0x00001ec0                ___Unwind_ForcedUnwind
                0x00001ee4                ___Unwind_Backtrace
                0x00001ee4                _Unwind_Backtrace
 .text          0x00001f08      0x340 c:/programdata/matlab/supportpackages/r2023a/3p.instrset/gnuarm-armcortex.instrset/win/bin/../lib/gcc/arm-none-eabi/9.3.1/thumb/v7e-m+fp/hard\libgcc.a(pr-support.o)
                0x00001f60                __gnu_unwind_execute
                0x000021fc                __gnu_unwind_frame
                0x00002228                _Unwind_GetRegionStart
                0x00002234                _Unwind_GetLanguageSpecificData
 .text          0x00002248        0x4 c:/programdata/matlab/supportpackages/r2023a/3p.instrset/gnuarm-armcortex.instrset/win/bin/../lib/gcc/arm-none-eabi/9.3.1/thumb/v7e-m+fp/hard\libgcc.a(_dvmd_tls.o)
                0x00002248                __aeabi_idiv0
                0x00002248                __aeabi_ldiv0
 .text          0x0000224c      0x134 c:/programdata/matlab/supportpackages/r2023a/3p.instrset/gnuarm-armcortex.instrset/win/bin/../lib/gcc/arm-none-eabi/9.3.1/../../../../arm-none-eabi/lib/thumb/v7e-m+fp/hard\libg.a(lib_a-memcpy.o)
                0x0000224c                memcpy
 .text          0x00002380       0xa0 c:/programdata/matlab/supportpackages/r2023a/3p.instrset/gnuarm-armcortex.instrset/win/bin/../lib/gcc/arm-none-eabi/9.3.1/../../../../arm-none-eabi/lib/thumb/v7e-m+fp/hard\libg.a(lib_a-memchr.o)
                0x00002380                memchr
 *fill*         0x00002420       0x20 
 .text          0x00002440       0xdc c:/programdata/matlab/supportpackages/r2023a/3p.instrset/gnuarm-armcortex.instrset/win/bin/../lib/gcc/arm-none-eabi/9.3.1/../../../../arm-none-eabi/lib/thumb/v7e-m+fp/hard\libg.a(lib_a-strlen.o)
                0x00002440                strlen
 *(.text*)
 .text.MW_AnalogInSingle_Open
                0x0000251c       0xa8 MW_AnalogInput.o
                0x0000251c                MW_AnalogInSingle_Open
 .text.MW_AnalogIn_SetTriggerSource
                0x000025c4       0x1a MW_AnalogInput.o
                0x000025c4                MW_AnalogIn_SetTriggerSource
 *fill*         0x000025de        0x2 
 .text.MW_AnalogInSingle_ReadResult
                0x000025e0       0xb8 MW_AnalogInput.o
                0x000025e0                MW_AnalogInSingle_ReadResult
 .text.MW_AnalogIn_Start
                0x00002698       0x14 MW_AnalogInput.o
                0x00002698                MW_AnalogIn_Start
 .text.MW_AnalogIn_Stop
                0x000026ac       0x14 MW_AnalogInput.o
                0x000026ac                MW_AnalogIn_Stop
 .text.MW_AnalogIn_Close
                0x000026c0       0x14 MW_AnalogInput.o
                0x000026c0                MW_AnalogIn_Close
 .text.EDMA_HAL_HTCDSetDestAddr
                0x000026d4       0x48 MW_SCI.o
 .text.EDMA_HAL_HTCDSetIntCmd
                0x0000271c       0x58 MW_SCI.o
 .text.MW_SCI_Open
                0x00002774      0x5b0 MW_SCI.o
                0x00002774                MW_SCI_Open
 .text.MW_SCI_SetBaudrate
                0x00002d24       0x18 MW_SCI.o
                0x00002d24                MW_SCI_SetBaudrate
 .text.MW_SCI_SetFrameFormat
                0x00002d3c       0x28 MW_SCI.o
                0x00002d3c                MW_SCI_SetFrameFormat
 .text.MW_SCI_Receive
                0x00002d64       0xa4 MW_SCI.o
                0x00002d64                MW_SCI_Receive
 .text.MW_SCI_Transmit
                0x00002e08       0x80 MW_SCI.o
                0x00002e08                MW_SCI_Transmit
 .text.MW_SCI_Close
                0x00002e88       0x14 MW_SCI.o
                0x00002e88                MW_SCI_Close
 .text.MW_UART_DRV_EdmaStartReceiveData
                0x00002e9c       0xac MW_SCI.o
 .text.MW_UART_DRV_EdmaRxCallback
                0x00002f48       0x1c MW_SCI.o
 .text.MW_UART_DRV_EdmaCompleteReceiveData
                0x00002f64      0x120 MW_SCI.o
 .text.MW_digitalIO_open
                0x00003084       0xe0 MW_digitalIO.o
                0x00003084                MW_digitalIO_open
 .text.MW_digitalIO_read
                0x00003164       0x70 MW_digitalIO.o
                0x00003164                MW_digitalIO_read
 .text.MW_digitalIO_write
                0x000031d4       0x7e MW_digitalIO.o
                0x000031d4                MW_digitalIO_write
 .text.MW_digitalIO_close
                0x00003252       0x3c MW_digitalIO.o
                0x00003252                MW_digitalIO_close
 .text.CLOCK_SYS_GetI2cFreq
                0x0000328e       0x16 i2c_api.o
 .text.I2C_HAL_Enable
                0x000032a4       0x28 i2c_api.o
 .text.I2C_HAL_SendAck
                0x000032cc       0x28 i2c_api.o
 .text.I2C_HAL_SendNak
                0x000032f4       0x28 i2c_api.o
 .text.I2C_HAL_SetDirMode
                0x0000331c       0x2e i2c_api.o
 .text.I2C_HAL_ReadByte
                0x0000334a       0x1a i2c_api.o
 .text.I2C_HAL_WriteByte
                0x00003364       0x1e i2c_api.o
 .text.I2C_HAL_GetStatusFlag
                0x00003382       0x34 i2c_api.o
 .text.I2C_HAL_IsMaster
                0x000033b6       0x32 i2c_api.o
 .text.I2C_HAL_SetIntCmd
                0x000033e8       0x2c i2c_api.o
 .text.I2C_HAL_ClearInt
                0x00003414       0x1a i2c_api.o
 *fill*         0x0000342e        0x2 
 .text.PORT_HAL_SetOpenDrainCmd
                0x00003430       0x50 i2c_api.o
 .text.PORT_HAL_SetMuxMode
                0x00003480       0x58 i2c_api.o
 .text.i2c_init
                0x000034d8       0x54 i2c_api.o
                0x000034d8                i2c_init
 .text.i2c_start
                0x0000352c       0x28 i2c_api.o
                0x0000352c                i2c_start
 .text.i2c_stop
                0x00003554       0x50 i2c_api.o
                0x00003554                i2c_stop
 .text.timeout_status_poll
                0x000035a4       0x58 i2c_api.o
 .text.i2c_wait_end_tx_transfer
                0x000035fc       0x54 i2c_api.o
 .text.i2c_wait_end_rx_transfer
                0x00003650       0x3c i2c_api.o
 .text.i2c_do_write
                0x0000368c       0x38 i2c_api.o
 .text.i2c_do_read
                0x000036c4       0x50 i2c_api.o
 .text.i2c_frequency
                0x00003714       0x50 i2c_api.o
                0x00003714                i2c_frequency
 .text.i2c_read
                0x00003764       0xe0 i2c_api.o
                0x00003764                i2c_read
 .text.i2c_write
                0x00003844       0x90 i2c_api.o
                0x00003844                i2c_write
 .text.configure_i2c_pins
                0x000038d4       0x7c i2c_api.o
                0x000038d4                configure_i2c_pins
 .text.MW_I2C_Open
                0x00003950       0x48 MW_I2C.o
                0x00003950                MW_I2C_Open
 .text.MW_I2C_SetBusSpeed
                0x00003998       0x2e MW_I2C.o
                0x00003998                MW_I2C_SetBusSpeed
 .text.MW_I2C_MasterRead
                0x000039c6       0x68 MW_I2C.o
                0x000039c6                MW_I2C_MasterRead
 .text.MW_I2C_MasterWrite
                0x00003a2e       0x68 MW_I2C.o
                0x00003a2e                MW_I2C_MasterWrite
 .text.MW_I2C_Close
                0x00003a96       0x14 MW_I2C.o
                0x00003a96                MW_I2C_Close
 *fill*         0x00003aaa        0x2 
 .text.PORT_HAL_SetMuxMode
                0x00003aac       0x58 MW_PWM.o
 .text.FTM_HAL_SetClockSource
                0x00003b04       0x2e MW_PWM.o
 *fill*         0x00003b32        0x2 
 .text.MW_PWM_Open
                0x00003b34      0x164 MW_PWM.o
                0x00003b34                MW_PWM_Open
 .text.MW_PWM_Start
                0x00003c98       0x14 MW_PWM.o
                0x00003c98                MW_PWM_Start
 .text.MW_PWM_SetDutyCycle
                0x00003cac       0x7c MW_PWM.o
                0x00003cac                MW_PWM_SetDutyCycle
 .text.MW_PWM_Stop
                0x00003d28       0x2c MW_PWM.o
                0x00003d28                MW_PWM_Stop
 .text.MW_PWM_Close
                0x00003d54       0x14 MW_PWM.o
                0x00003d54                MW_PWM_Close
 .text.baseRateTask
                0x00003d68       0x7c ert_main.o
                0x00003d68                baseRateTask
 .text.terminateTask
                0x00003de4       0x34 ert_main.o
                0x00003de4                terminateTask
 .text.main     0x00003e18       0x48 ert_main.o
                0x00003e18                main
 .text.enter_atomic_Charging_sensin_pa
                0x00003e60       0xa4 group5_A2finalmodel.o
 .text.group5_A2finalmodel_VVIR
                0x00003f04      0x504 group5_A2finalmodel.o
 .text.g_enter_atomic_Charging_sensing
                0x00004408       0xa4 group5_A2finalmodel.o
 .text.enter_atomic_Charging_sensing_p
                0x000044ac       0xb8 group5_A2finalmodel.o
 .text.group5_A2finalmodel_AAIR
                0x00004564      0x718 group5_A2finalmodel.o
 .text.group5_A2_enter_atomic_Charging
                0x00004c7c       0x8c group5_A2finalmodel.o
 .text.group5_A2finalmodel_AOOR
                0x00004d08      0x2d8 group5_A2finalmodel.o
 .text.group5_enter_atomic_Charging_ej
                0x00004fe0       0x8c group5_A2finalmodel.o
 .text.group5_A2finalmodel_VOOR
                0x0000506c      0x2dc group5_A2finalmodel.o
 .text.group5_A2finalmodel_VVI
                0x00005348      0x2b8 group5_A2finalmodel.o
 .text.group5_A2fin_SystemCore_setup_k
                0x00005600       0x7c group5_A2finalmodel.o
 .text.group5_A2fi_SystemCore_setup_k2
                0x0000567c      0x198 group5_A2finalmodel.o
 .text.group5_A2f_SystemCore_setup_k2c
                0x00005814       0x4e group5_A2finalmodel.o
 *fill*         0x00005862        0x6 
 .text.group5_A2finalmodel_step
                0x00005868     0x1b88 group5_A2finalmodel.o
                0x00005868                group5_A2finalmodel_step
 .text.group5_A2finalmodel_initialize
                0x000073f0      0x4a8 group5_A2finalmodel.o
                0x000073f0                group5_A2finalmodel_initialize
 .text.group5_A2finalmodel_terminate
                0x00007898      0x440 group5_A2finalmodel.o
                0x00007898                group5_A2finalmodel_terminate
 .text.group5_A2final_SystemCore_setup
                0x00007cd8       0x5e transmit.o
 *fill*         0x00007d36        0x2 
 .text.transmit_Init
                0x00007d38       0x28 transmit.o
                0x00007d38                transmit_Init
 .text.transmit
                0x00007d60      0x158 transmit.o
                0x00007d60                transmit
 .text.transmit_Term
                0x00007eb8       0x40 transmit.o
                0x00007eb8                transmit_Term
 .text.init_data_bss
                0x00007ef8       0xd0 startup.o
                0x00007ef8                init_data_bss
 .text.SystemInit
                0x00007fc8      0x1dc system_MK64F12.o
                0x00007fc8                SystemInit
 .text.SystemCoreClockUpdate
                0x000081a4      0x290 system_MK64F12.o
                0x000081a4                SystemCoreClockUpdate
 .text.PORT_HAL_SetMuxMode
                0x00008434       0x58 board.o
 .text.SMC_HAL_SetProtection
                0x0000848c       0x1e board.o
 *fill*         0x000084aa        0x2 
 .text.BOARD_InitOsc0
                0x000084ac       0x30 board.o
                0x000084ac                BOARD_InitOsc0
 .text.BOARD_InitRtcOsc
                0x000084dc       0x28 board.o
                0x000084dc                BOARD_InitRtcOsc
 .text.BOARD_ClockInit
                0x00008504       0x34 board.o
                0x00008504                BOARD_ClockInit
 .text.hardware_init
                0x00008538       0x30 hardware_init.o
                0x00008538                hardware_init
 .text.PORT_HAL_SetMuxMode
                0x00008568       0x58 pin_mux.o
 .text.SIM_HAL_EnableClock
                0x000085c0       0x44 pin_mux.o
 .text.configure_uart_pins
                0x00008604      0x194 pin_mux.o
                0x00008604                configure_uart_pins
 .text.DMA0_IRQHandler
                0x00008798        0xe fsl_edma_irq.o
                0x00008798                DMA0_IRQHandler
 .text.DMA1_IRQHandler
                0x000087a6        0xe fsl_edma_irq.o
                0x000087a6                DMA1_IRQHandler
 .text.DMA2_IRQHandler
                0x000087b4        0xe fsl_edma_irq.o
                0x000087b4                DMA2_IRQHandler
 .text.DMA3_IRQHandler
                0x000087c2        0xe fsl_edma_irq.o
                0x000087c2                DMA3_IRQHandler
 .text.DMA4_IRQHandler
                0x000087d0        0xe fsl_edma_irq.o
                0x000087d0                DMA4_IRQHandler
 .text.DMA5_IRQHandler
                0x000087de        0xe fsl_edma_irq.o
                0x000087de                DMA5_IRQHandler
 .text.DMA6_IRQHandler
                0x000087ec        0xe fsl_edma_irq.o
                0x000087ec                DMA6_IRQHandler
 .text.DMA7_IRQHandler
                0x000087fa        0xe fsl_edma_irq.o
                0x000087fa                DMA7_IRQHandler
 .text.DMA8_IRQHandler
                0x00008808        0xe fsl_edma_irq.o
                0x00008808                DMA8_IRQHandler
 .text.DMA9_IRQHandler
                0x00008816        0xe fsl_edma_irq.o
                0x00008816                DMA9_IRQHandler
 .text.DMA10_IRQHandler
                0x00008824        0xe fsl_edma_irq.o
                0x00008824                DMA10_IRQHandler
 .text.DMA11_IRQHandler
                0x00008832        0xe fsl_edma_irq.o
                0x00008832                DMA11_IRQHandler
 .text.DMA12_IRQHandler
                0x00008840        0xe fsl_edma_irq.o
                0x00008840                DMA12_IRQHandler
 .text.DMA13_IRQHandler
                0x0000884e        0xe fsl_edma_irq.o
                0x0000884e                DMA13_IRQHandler
 .text.DMA14_IRQHandler
                0x0000885c        0xe fsl_edma_irq.o
                0x0000885c                DMA14_IRQHandler
 .text.DMA15_IRQHandler
                0x0000886a        0xe fsl_edma_irq.o
                0x0000886a                DMA15_IRQHandler
 .text.DMA_Error_IRQHandler
                0x00008878        0xe fsl_edma_irq.o
                0x00008878                DMA_Error_IRQHandler
 .text.UART0_RX_TX_IRQHandler
                0x00008886        0xe fsl_uart_irq.o
                0x00008886                UART0_RX_TX_IRQHandler
 .text.UART1_RX_TX_IRQHandler
                0x00008894        0xe fsl_uart_irq.o
                0x00008894                UART1_RX_TX_IRQHandler
 .text.UART2_RX_TX_IRQHandler
                0x000088a2        0xe fsl_uart_irq.o
                0x000088a2                UART2_RX_TX_IRQHandler
 .text.UART3_RX_TX_IRQHandler
                0x000088b0        0xe fsl_uart_irq.o
                0x000088b0                UART3_RX_TX_IRQHandler
 .text.UART4_RX_TX_IRQHandler
                0x000088be        0xe fsl_uart_irq.o
                0x000088be                UART4_RX_TX_IRQHandler
 .text.UART5_RX_TX_IRQHandler
                0x000088cc        0xe fsl_uart_irq.o
                0x000088cc                UART5_RX_TX_IRQHandler
 .text.NMI_Handler
                0x000088da        0x6 irq_stub.o
                0x000088da                NMI_Handler
 .text.HardFault_Handler
                0x000088e0        0x6 irq_stub.o
                0x000088e0                HardFault_Handler
 .text.MemManage_Handler
                0x000088e6        0x6 irq_stub.o
                0x000088e6                MemManage_Handler
 .text.BusFault_Handler
                0x000088ec        0x6 irq_stub.o
                0x000088ec                BusFault_Handler
 .text.UsageFault_Handler
                0x000088f2        0x6 irq_stub.o
                0x000088f2                UsageFault_Handler
 .text.DebugMon_Handler
                0x000088f8        0x6 irq_stub.o
                0x000088f8                DebugMon_Handler
 .text.MCM_IRQHandler
                0x000088fe        0x6 irq_stub.o
                0x000088fe                MCM_IRQHandler
 .text.FTFE_IRQHandler
                0x00008904        0x6 irq_stub.o
                0x00008904                FTFE_IRQHandler
 .text.Read_Collision_IRQHandler
                0x0000890a        0x6 irq_stub.o
                0x0000890a                Read_Collision_IRQHandler
 .text.LVD_LVW_IRQHandler
                0x00008910        0x6 irq_stub.o
                0x00008910                LVD_LVW_IRQHandler
 .text.LLWU_IRQHandler
                0x00008916        0x6 irq_stub.o
                0x00008916                LLWU_IRQHandler
 .text.WDOG_EWM_IRQHandler
                0x0000891c        0x6 irq_stub.o
                0x0000891c                WDOG_EWM_IRQHandler
 .text.RNG_IRQHandler
                0x00008922        0x6 irq_stub.o
                0x00008922                RNG_IRQHandler
 .text.I2C0_IRQHandler
                0x00008928        0x6 irq_stub.o
                0x00008928                I2C0_IRQHandler
 .text.I2C1_IRQHandler
                0x0000892e        0x6 irq_stub.o
                0x0000892e                I2C1_IRQHandler
 .text.SPI0_IRQHandler
                0x00008934        0x6 irq_stub.o
                0x00008934                SPI0_IRQHandler
 .text.SPI1_IRQHandler
                0x0000893a        0x6 irq_stub.o
                0x0000893a                SPI1_IRQHandler
 .text.I2S0_Tx_IRQHandler
                0x00008940        0x6 irq_stub.o
                0x00008940                I2S0_Tx_IRQHandler
 .text.I2S0_Rx_IRQHandler
                0x00008946        0x6 irq_stub.o
                0x00008946                I2S0_Rx_IRQHandler
 .text.UART0_LON_IRQHandler
                0x0000894c        0x6 irq_stub.o
                0x0000894c                UART0_LON_IRQHandler
 .text.UART0_ERR_IRQHandler
                0x00008952        0x6 irq_stub.o
                0x00008952                UART0_ERR_IRQHandler
 .text.UART1_ERR_IRQHandler
                0x00008958        0x6 irq_stub.o
                0x00008958                UART1_ERR_IRQHandler
 .text.UART2_ERR_IRQHandler
                0x0000895e        0x6 irq_stub.o
                0x0000895e                UART2_ERR_IRQHandler
 .text.UART3_ERR_IRQHandler
                0x00008964        0x6 irq_stub.o
                0x00008964                UART3_ERR_IRQHandler
 .text.ADC0_IRQHandler
                0x0000896a        0x6 irq_stub.o
                0x0000896a                ADC0_IRQHandler
 .text.CMP0_IRQHandler
                0x00008970        0x6 irq_stub.o
                0x00008970                CMP0_IRQHandler
 .text.CMP1_IRQHandler
                0x00008976        0x6 irq_stub.o
                0x00008976                CMP1_IRQHandler
 .text.FTM0_IRQHandler
                0x0000897c        0x6 irq_stub.o
                0x0000897c                FTM0_IRQHandler
 .text.FTM1_IRQHandler
                0x00008982        0x6 irq_stub.o
                0x00008982                FTM1_IRQHandler
 .text.FTM2_IRQHandler
                0x00008988        0x6 irq_stub.o
                0x00008988                FTM2_IRQHandler
 .text.CMT_IRQHandler
                0x0000898e        0x6 irq_stub.o
                0x0000898e                CMT_IRQHandler
 .text.RTC_IRQHandler
                0x00008994        0x6 irq_stub.o
                0x00008994                RTC_IRQHandler
 .text.RTC_Seconds_IRQHandler
                0x0000899a        0x6 irq_stub.o
                0x0000899a                RTC_Seconds_IRQHandler
 .text.PDB0_IRQHandler
                0x000089a0        0x6 irq_stub.o
                0x000089a0                PDB0_IRQHandler
 .text.USB0_IRQHandler
                0x000089a6        0x6 irq_stub.o
                0x000089a6                USB0_IRQHandler
 .text.USBDCD_IRQHandler
                0x000089ac        0x6 irq_stub.o
                0x000089ac                USBDCD_IRQHandler
 .text.Reserved71_IRQHandler
                0x000089b2        0x6 irq_stub.o
                0x000089b2                Reserved71_IRQHandler
 .text.DAC0_IRQHandler
                0x000089b8        0x6 irq_stub.o
                0x000089b8                DAC0_IRQHandler
 .text.MCG_IRQHandler
                0x000089be        0x6 irq_stub.o
                0x000089be                MCG_IRQHandler
 .text.LPTMR0_IRQHandler
                0x000089c4        0x6 irq_stub.o
                0x000089c4                LPTMR0_IRQHandler
 .text.PORTA_IRQHandler
                0x000089ca        0x6 irq_stub.o
                0x000089ca                PORTA_IRQHandler
 .text.PORTB_IRQHandler
                0x000089d0        0x6 irq_stub.o
                0x000089d0                PORTB_IRQHandler
 .text.PORTC_IRQHandler
                0x000089d6        0x6 irq_stub.o
                0x000089d6                PORTC_IRQHandler
 .text.PORTD_IRQHandler
                0x000089dc        0x6 irq_stub.o
                0x000089dc                PORTD_IRQHandler
 .text.PORTE_IRQHandler
                0x000089e2        0x6 irq_stub.o
                0x000089e2                PORTE_IRQHandler
 .text.SWI_IRQHandler
                0x000089e8        0x6 irq_stub.o
                0x000089e8                SWI_IRQHandler
 .text.SPI2_IRQHandler
                0x000089ee        0x6 irq_stub.o
                0x000089ee                SPI2_IRQHandler
 .text.UART4_ERR_IRQHandler
                0x000089f4        0x6 irq_stub.o
                0x000089f4                UART4_ERR_IRQHandler
 .text.UART5_ERR_IRQHandler
                0x000089fa        0x6 irq_stub.o
                0x000089fa                UART5_ERR_IRQHandler
 .text.CMP2_IRQHandler
                0x00008a00        0x6 irq_stub.o
                0x00008a00                CMP2_IRQHandler
 .text.FTM3_IRQHandler
                0x00008a06        0x6 irq_stub.o
                0x00008a06                FTM3_IRQHandler
 .text.DAC1_IRQHandler
                0x00008a0c        0x6 irq_stub.o
                0x00008a0c                DAC1_IRQHandler
 .text.ADC1_IRQHandler
                0x00008a12        0x6 irq_stub.o
                0x00008a12                ADC1_IRQHandler
 .text.I2C2_IRQHandler
                0x00008a18        0x6 irq_stub.o
                0x00008a18                I2C2_IRQHandler
 .text.CAN0_ORed_Message_buffer_IRQHandler
                0x00008a1e        0x6 irq_stub.o
                0x00008a1e                CAN0_ORed_Message_buffer_IRQHandler
 .text.CAN0_Bus_Off_IRQHandler
                0x00008a24        0x6 irq_stub.o
                0x00008a24                CAN0_Bus_Off_IRQHandler
 .text.CAN0_Error_IRQHandler
                0x00008a2a        0x6 irq_stub.o
                0x00008a2a                CAN0_Error_IRQHandler
 .text.CAN0_Tx_Warning_IRQHandler
                0x00008a30        0x6 irq_stub.o
                0x00008a30                CAN0_Tx_Warning_IRQHandler
 .text.CAN0_Rx_Warning_IRQHandler
                0x00008a36        0x6 irq_stub.o
                0x00008a36                CAN0_Rx_Warning_IRQHandler
 .text.CAN0_Wake_Up_IRQHandler
                0x00008a3c        0x6 irq_stub.o
                0x00008a3c                CAN0_Wake_Up_IRQHandler
 *fill*         0x00008a42        0x2 
 .text._sbrk    0x00008a44       0x5c sbrk.o
                0x00008a44                _sbrk
 .text.schedulerTask
                0x00008aa0       0x1c cmsis_rtos_init.o
                0x00008aa0                schedulerTask
 .text.mw_initSignalEvents
                0x00008abc       0x40 cmsis_rtos_init.o
                0x00008abc                mw_initSignalEvents
 .text.mw_RTOSInit
                0x00008afc       0x8c cmsis_rtos_init.o
                0x00008afc                mw_RTOSInit
 .text.os_idle_demon
                0x00008b88        0x8 RTX_Conf_CM.o
                0x00008b88                os_idle_demon
 .text.os_error
                0x00008b90       0x2c RTX_Conf_CM.o
                0x00008b90                os_error
 .text.rt_init_robin
                0x00008bbc        0x4 RTX_Conf_CM.o
                0x00008bbc                rt_init_robin
 .text.rt_chk_robin
                0x00008bc0        0x4 RTX_Conf_CM.o
                0x00008bc0                rt_chk_robin
 .text.software_init_hook
                0x00008bc4       0x34 RTX_Conf_CM.o
                0x00008bc4                software_init_hook
 .text.mw_osThreadCreate
                0x00008bf8       0x52 mw_thread.o
                0x00008bf8                mw_osThreadCreate
 .text.mw_osThreadGetId
                0x00008c4a        0xe mw_thread.o
                0x00008c4a                mw_osThreadGetId
 .text.mw_osThreadExit
                0x00008c58       0x22 mw_thread.o
                0x00008c58                mw_osThreadExit
 .text.mw_osTimerCreate
                0x00008c7a       0x4e mw_timer.o
                0x00008c7a                mw_osTimerCreate
 .text.mw_osTimerStart
                0x00008cc8       0x24 mw_timer.o
                0x00008cc8                mw_osTimerStart
 .text.mw_osSignalSet
                0x00008cec       0x2e mw_signal.o
                0x00008cec                mw_osSignalSet
 .text.mw_osSignalClear
                0x00008d1a       0x26 mw_signal.o
                0x00008d1a                mw_osSignalClear
 .text.mw_osSignalWaitEver
                0x00008d40       0x20 mw_signal.o
                0x00008d40                mw_osSignalWaitEver
 .text.mw_osSignalEventCreate
                0x00008d60       0x20 mw_signal.o
                0x00008d60                mw_osSignalEventCreate
 .text.mw_osSignalEventRelease
                0x00008d80       0x26 mw_signal.o
                0x00008d80                mw_osSignalEventRelease
 .text.mw_osSignalEventWaitEver
                0x00008da6       0x34 mw_signal.o
                0x00008da6                mw_osSignalEventWaitEver
 *fill*         0x00008dda        0x2 
 .text.rt_roundd_snf
                0x00008ddc       0xf4 C:/Users/berni/OneDrive/DOCUME~1/NEWFOL~1/CODE_G~1/slprj/ert/_sharedutils/rtwshared.lib(rt_roundd_snf.o)
                0x00008ddc                rt_roundd_snf
 .text.osThreadExit
                0x00008ed0       0x18 C:/ProgramData/MATLAB/SupportPackages/R2023a/3P.instrset/cmsis.instrset/CMSIS/RTOS/RTX/LIB/GCC/libRTX_CM4.a(rt_cmsis.o)
                0x00008ed0                osThreadExit
 .text.svcKernelInitialize
                0x00008ee8      0x104 C:/ProgramData/MATLAB/SupportPackages/R2023a/3P.instrset/cmsis.instrset/CMSIS/RTOS/RTX/LIB/GCC/libRTX_CM4.a(rt_cmsis.o)
                0x00008ee8                svcKernelInitialize
 .text.svcKernelStart
                0x00008fec       0x48 C:/ProgramData/MATLAB/SupportPackages/R2023a/3P.instrset/cmsis.instrset/CMSIS/RTOS/RTX/LIB/GCC/libRTX_CM4.a(rt_cmsis.o)
                0x00008fec                svcKernelStart
 .text.osKernelInitialize
                0x00009034       0x28 C:/ProgramData/MATLAB/SupportPackages/R2023a/3P.instrset/cmsis.instrset/CMSIS/RTOS/RTX/LIB/GCC/libRTX_CM4.a(rt_cmsis.o)
                0x00009034                osKernelInitialize
 .text.osKernelStart
                0x0000905c       0x74 C:/ProgramData/MATLAB/SupportPackages/R2023a/3P.instrset/cmsis.instrset/CMSIS/RTOS/RTX/LIB/GCC/libRTX_CM4.a(rt_cmsis.o)
                0x0000905c                osKernelStart
 .text.svcThreadCreate
                0x000090d0       0x7c C:/ProgramData/MATLAB/SupportPackages/R2023a/3P.instrset/cmsis.instrset/CMSIS/RTOS/RTX/LIB/GCC/libRTX_CM4.a(rt_cmsis.o)
                0x000090d0                svcThreadCreate
 .text.svcThreadGetId
                0x0000914c       0x18 C:/ProgramData/MATLAB/SupportPackages/R2023a/3P.instrset/cmsis.instrset/CMSIS/RTOS/RTX/LIB/GCC/libRTX_CM4.a(rt_cmsis.o)
                0x0000914c                svcThreadGetId
 .text.svcThreadTerminate
                0x00009164       0x48 C:/ProgramData/MATLAB/SupportPackages/R2023a/3P.instrset/cmsis.instrset/CMSIS/RTOS/RTX/LIB/GCC/libRTX_CM4.a(rt_cmsis.o)
                0x00009164                svcThreadTerminate
 .text.osThreadCreate
                0x000091ac       0xa4 C:/ProgramData/MATLAB/SupportPackages/R2023a/3P.instrset/cmsis.instrset/CMSIS/RTOS/RTX/LIB/GCC/libRTX_CM4.a(rt_cmsis.o)
                0x000091ac                osThreadCreate
 .text.osThreadGetId
                0x00009250       0x18 C:/ProgramData/MATLAB/SupportPackages/R2023a/3P.instrset/cmsis.instrset/CMSIS/RTOS/RTX/LIB/GCC/libRTX_CM4.a(rt_cmsis.o)
                0x00009250                osThreadGetId
 .text.osThreadTerminate
                0x00009268       0x18 C:/ProgramData/MATLAB/SupportPackages/R2023a/3P.instrset/cmsis.instrset/CMSIS/RTOS/RTX/LIB/GCC/libRTX_CM4.a(rt_cmsis.o)
                0x00009268                osThreadTerminate
 .text.svcTimerCreate
                0x00009280       0x40 C:/ProgramData/MATLAB/SupportPackages/R2023a/3P.instrset/cmsis.instrset/CMSIS/RTOS/RTX/LIB/GCC/libRTX_CM4.a(rt_cmsis.o)
                0x00009280                svcTimerCreate
 .text.svcTimerStart
                0x000092c0       0xdc C:/ProgramData/MATLAB/SupportPackages/R2023a/3P.instrset/cmsis.instrset/CMSIS/RTOS/RTX/LIB/GCC/libRTX_CM4.a(rt_cmsis.o)
                0x000092c0                svcTimerStart
 .text.svcTimerCall
                0x0000939c       0x18 C:/ProgramData/MATLAB/SupportPackages/R2023a/3P.instrset/cmsis.instrset/CMSIS/RTOS/RTX/LIB/GCC/libRTX_CM4.a(rt_cmsis.o)
                0x0000939c                svcTimerCall
 .text.sysTimerTick
                0x000093b4       0xc8 C:/ProgramData/MATLAB/SupportPackages/R2023a/3P.instrset/cmsis.instrset/CMSIS/RTOS/RTX/LIB/GCC/libRTX_CM4.a(rt_cmsis.o)
                0x000093b4                sysTimerTick
 .text.osTimerCreate
                0x0000947c       0x68 C:/ProgramData/MATLAB/SupportPackages/R2023a/3P.instrset/cmsis.instrset/CMSIS/RTOS/RTX/LIB/GCC/libRTX_CM4.a(rt_cmsis.o)
                0x0000947c                osTimerCreate
 .text.osTimerStart
                0x000094e4       0x18 C:/ProgramData/MATLAB/SupportPackages/R2023a/3P.instrset/cmsis.instrset/CMSIS/RTOS/RTX/LIB/GCC/libRTX_CM4.a(rt_cmsis.o)
                0x000094e4                osTimerStart
 .text.osTimerThread
                0x000094fc       0x3c C:/ProgramData/MATLAB/SupportPackages/R2023a/3P.instrset/cmsis.instrset/CMSIS/RTOS/RTX/LIB/GCC/libRTX_CM4.a(rt_cmsis.o)
                0x000094fc                osTimerThread
 .text.svcSignalSet
                0x00009538       0x2c C:/ProgramData/MATLAB/SupportPackages/R2023a/3P.instrset/cmsis.instrset/CMSIS/RTOS/RTX/LIB/GCC/libRTX_CM4.a(rt_cmsis.o)
                0x00009538                svcSignalSet
 .text.svcSignalClear
                0x00009564       0x2c C:/ProgramData/MATLAB/SupportPackages/R2023a/3P.instrset/cmsis.instrset/CMSIS/RTOS/RTX/LIB/GCC/libRTX_CM4.a(rt_cmsis.o)
                0x00009564                svcSignalClear
 .text.svcSignalWait
                0x00009590      0x100 C:/ProgramData/MATLAB/SupportPackages/R2023a/3P.instrset/cmsis.instrset/CMSIS/RTOS/RTX/LIB/GCC/libRTX_CM4.a(rt_cmsis.o)
                0x00009590                svcSignalWait
 .text.osSignalSet
                0x00009690       0x40 C:/ProgramData/MATLAB/SupportPackages/R2023a/3P.instrset/cmsis.instrset/CMSIS/RTOS/RTX/LIB/GCC/libRTX_CM4.a(rt_cmsis.o)
                0x00009690                osSignalSet
 .text.osSignalClear
                0x000096d0       0x1c C:/ProgramData/MATLAB/SupportPackages/R2023a/3P.instrset/cmsis.instrset/CMSIS/RTOS/RTX/LIB/GCC/libRTX_CM4.a(rt_cmsis.o)
                0x000096d0                osSignalClear
 .text.osSignalWait
                0x000096ec       0x2c C:/ProgramData/MATLAB/SupportPackages/R2023a/3P.instrset/cmsis.instrset/CMSIS/RTOS/RTX/LIB/GCC/libRTX_CM4.a(rt_cmsis.o)
                0x000096ec                osSignalWait
 .text.svcMessageGet
                0x00009718       0xbc C:/ProgramData/MATLAB/SupportPackages/R2023a/3P.instrset/cmsis.instrset/CMSIS/RTOS/RTX/LIB/GCC/libRTX_CM4.a(rt_cmsis.o)
                0x00009718                svcMessageGet
 .text.rt_init_stack
                0x000097d4       0xa8 C:/ProgramData/MATLAB/SupportPackages/R2023a/3P.instrset/cmsis.instrset/CMSIS/RTOS/RTX/LIB/GCC/libRTX_CM4.a(hal_cm.o)
                0x000097d4                rt_init_stack
 .text.rt_ret_val
                0x0000987c       0x14 C:/ProgramData/MATLAB/SupportPackages/R2023a/3P.instrset/cmsis.instrset/CMSIS/RTOS/RTX/LIB/GCC/libRTX_CM4.a(hal_cm.o)
                0x0000987c                rt_ret_val
 .text.rt_ret_val2
                0x00009890       0x24 C:/ProgramData/MATLAB/SupportPackages/R2023a/3P.instrset/cmsis.instrset/CMSIS/RTOS/RTX/LIB/GCC/libRTX_CM4.a(hal_cm.o)
                0x00009890                rt_ret_val2
 .text.dbg_init
                0x000098b4       0x34 C:/ProgramData/MATLAB/SupportPackages/R2023a/3P.instrset/cmsis.instrset/CMSIS/RTOS/RTX/LIB/GCC/libRTX_CM4.a(hal_cm.o)
                0x000098b4                dbg_init
 .text.dbg_task_notify
                0x000098e8       0x2c C:/ProgramData/MATLAB/SupportPackages/R2023a/3P.instrset/cmsis.instrset/CMSIS/RTOS/RTX/LIB/GCC/libRTX_CM4.a(hal_cm.o)
                0x000098e8                dbg_task_notify
 .text.dbg_task_switch
                0x00009914       0x14 C:/ProgramData/MATLAB/SupportPackages/R2023a/3P.instrset/cmsis.instrset/CMSIS/RTOS/RTX/LIB/GCC/libRTX_CM4.a(hal_cm.o)
                0x00009914                dbg_task_switch
 .text.rt_init_mem
                0x00009928       0x1c C:/ProgramData/MATLAB/SupportPackages/R2023a/3P.instrset/cmsis.instrset/CMSIS/RTOS/RTX/LIB/GCC/libRTX_CM4.a(rt_memory.o)
                0x00009928                rt_init_mem
 .text.rt_alloc_mem
                0x00009944       0x48 C:/ProgramData/MATLAB/SupportPackages/R2023a/3P.instrset/cmsis.instrset/CMSIS/RTOS/RTX/LIB/GCC/libRTX_CM4.a(rt_memory.o)
                0x00009944                rt_alloc_mem
 .text.rt_free_mem
                0x0000998c       0x54 C:/ProgramData/MATLAB/SupportPackages/R2023a/3P.instrset/cmsis.instrset/CMSIS/RTOS/RTX/LIB/GCC/libRTX_CM4.a(rt_memory.o)
                0x0000998c                rt_free_mem
 .text._init_box
                0x000099e0       0x58 C:/ProgramData/MATLAB/SupportPackages/R2023a/3P.instrset/cmsis.instrset/CMSIS/RTOS/RTX/LIB/GCC/libRTX_CM4.a(rt_membox.o)
                0x000099e0                _init_box
 .text.rt_alloc_box
                0x00009a38       0x1c C:/ProgramData/MATLAB/SupportPackages/R2023a/3P.instrset/cmsis.instrset/CMSIS/RTOS/RTX/LIB/GCC/libRTX_CM4.a(rt_membox.o)
                0x00009a38                rt_alloc_box
 .text.rt_free_box
                0x00009a54       0x28 C:/ProgramData/MATLAB/SupportPackages/R2023a/3P.instrset/cmsis.instrset/CMSIS/RTOS/RTX/LIB/GCC/libRTX_CM4.a(rt_membox.o)
                0x00009a54                rt_free_box
 .text.rt_sem_psh
                0x00009a7c       0x34 C:/ProgramData/MATLAB/SupportPackages/R2023a/3P.instrset/cmsis.instrset/CMSIS/RTOS/RTX/LIB/GCC/libRTX_CM4.a(rt_semaphore.o)
                0x00009a7c                rt_sem_psh
 .text.rt_mbx_init
                0x00009ab0       0x18 C:/ProgramData/MATLAB/SupportPackages/R2023a/3P.instrset/cmsis.instrset/CMSIS/RTOS/RTX/LIB/GCC/libRTX_CM4.a(rt_mailbox.o)
                0x00009ab0                rt_mbx_init
 .text.rt_mbx_wait
                0x00009ac8       0xa8 C:/ProgramData/MATLAB/SupportPackages/R2023a/3P.instrset/cmsis.instrset/CMSIS/RTOS/RTX/LIB/GCC/libRTX_CM4.a(rt_mailbox.o)
                0x00009ac8                rt_mbx_wait
 .text.rt_mbx_check
                0x00009b70        0x8 C:/ProgramData/MATLAB/SupportPackages/R2023a/3P.instrset/cmsis.instrset/CMSIS/RTOS/RTX/LIB/GCC/libRTX_CM4.a(rt_mailbox.o)
                0x00009b70                rt_mbx_check
 .text.isr_mbx_send
                0x00009b78       0x10 C:/ProgramData/MATLAB/SupportPackages/R2023a/3P.instrset/cmsis.instrset/CMSIS/RTOS/RTX/LIB/GCC/libRTX_CM4.a(rt_mailbox.o)
                0x00009b78                isr_mbx_send
 .text.rt_mbx_psh
                0x00009b88       0xe8 C:/ProgramData/MATLAB/SupportPackages/R2023a/3P.instrset/cmsis.instrset/CMSIS/RTOS/RTX/LIB/GCC/libRTX_CM4.a(rt_mailbox.o)
                0x00009b88                rt_mbx_psh
 .text.rt_put_prio
                0x00009c70       0x50 C:/ProgramData/MATLAB/SupportPackages/R2023a/3P.instrset/cmsis.instrset/CMSIS/RTOS/RTX/LIB/GCC/libRTX_CM4.a(rt_list.o)
                0x00009c70                rt_put_prio
 .text.rt_get_first
                0x00009cc0       0x28 C:/ProgramData/MATLAB/SupportPackages/R2023a/3P.instrset/cmsis.instrset/CMSIS/RTOS/RTX/LIB/GCC/libRTX_CM4.a(rt_list.o)
                0x00009cc0                rt_get_first
 .text.rt_put_rdy_first
                0x00009ce8       0x14 C:/ProgramData/MATLAB/SupportPackages/R2023a/3P.instrset/cmsis.instrset/CMSIS/RTOS/RTX/LIB/GCC/libRTX_CM4.a(rt_list.o)
                0x00009ce8                rt_put_rdy_first
 .text.rt_resort_prio
                0x00009cfc       0xac C:/ProgramData/MATLAB/SupportPackages/R2023a/3P.instrset/cmsis.instrset/CMSIS/RTOS/RTX/LIB/GCC/libRTX_CM4.a(rt_list.o)
                0x00009cfc                rt_resort_prio
 .text.rt_put_dly
                0x00009da8       0x60 C:/ProgramData/MATLAB/SupportPackages/R2023a/3P.instrset/cmsis.instrset/CMSIS/RTOS/RTX/LIB/GCC/libRTX_CM4.a(rt_list.o)
                0x00009da8                rt_put_dly
 .text.rt_dec_dly
                0x00009e08       0xbc C:/ProgramData/MATLAB/SupportPackages/R2023a/3P.instrset/cmsis.instrset/CMSIS/RTOS/RTX/LIB/GCC/libRTX_CM4.a(rt_list.o)
                0x00009e08                rt_dec_dly
 .text.rt_rmv_list
                0x00009ec4       0x2c C:/ProgramData/MATLAB/SupportPackages/R2023a/3P.instrset/cmsis.instrset/CMSIS/RTOS/RTX/LIB/GCC/libRTX_CM4.a(rt_list.o)
                0x00009ec4                rt_rmv_list
 .text.rt_rmv_dly
                0x00009ef0       0x30 C:/ProgramData/MATLAB/SupportPackages/R2023a/3P.instrset/cmsis.instrset/CMSIS/RTOS/RTX/LIB/GCC/libRTX_CM4.a(rt_list.o)
                0x00009ef0                rt_rmv_dly
 .text.rt_psq_enq
                0x00009f20       0x44 C:/ProgramData/MATLAB/SupportPackages/R2023a/3P.instrset/cmsis.instrset/CMSIS/RTOS/RTX/LIB/GCC/libRTX_CM4.a(rt_list.o)
                0x00009f20                rt_psq_enq
 .text.rt_evt_wait
                0x00009f64       0x44 C:/ProgramData/MATLAB/SupportPackages/R2023a/3P.instrset/cmsis.instrset/CMSIS/RTOS/RTX/LIB/GCC/libRTX_CM4.a(rt_event.o)
                0x00009f64                rt_evt_wait
 .text.rt_evt_set
                0x00009fa8       0x58 C:/ProgramData/MATLAB/SupportPackages/R2023a/3P.instrset/cmsis.instrset/CMSIS/RTOS/RTX/LIB/GCC/libRTX_CM4.a(rt_event.o)
                0x00009fa8                rt_evt_set
 .text.rt_evt_clr
                0x0000a000       0x18 C:/ProgramData/MATLAB/SupportPackages/R2023a/3P.instrset/cmsis.instrset/CMSIS/RTOS/RTX/LIB/GCC/libRTX_CM4.a(rt_event.o)
                0x0000a000                rt_evt_clr
 .text.isr_evt_set
                0x0000a018       0x24 C:/ProgramData/MATLAB/SupportPackages/R2023a/3P.instrset/cmsis.instrset/CMSIS/RTOS/RTX/LIB/GCC/libRTX_CM4.a(rt_event.o)
                0x0000a018                isr_evt_set
 .text.rt_evt_psh
                0x0000a03c       0x50 C:/ProgramData/MATLAB/SupportPackages/R2023a/3P.instrset/cmsis.instrset/CMSIS/RTOS/RTX/LIB/GCC/libRTX_CM4.a(rt_event.o)
                0x0000a03c                rt_evt_psh
 .text.rt_psh_req
                0x0000a08c       0x20 C:/ProgramData/MATLAB/SupportPackages/R2023a/3P.instrset/cmsis.instrset/CMSIS/RTOS/RTX/LIB/GCC/libRTX_CM4.a(rt_system.o)
                0x0000a08c                rt_psh_req
 .text.rt_pop_req
                0x0000a0ac       0x9c C:/ProgramData/MATLAB/SupportPackages/R2023a/3P.instrset/cmsis.instrset/CMSIS/RTOS/RTX/LIB/GCC/libRTX_CM4.a(rt_system.o)
                0x0000a0ac                rt_pop_req
 .text.os_tick_init
                0x0000a148       0x40 C:/ProgramData/MATLAB/SupportPackages/R2023a/3P.instrset/cmsis.instrset/CMSIS/RTOS/RTX/LIB/GCC/libRTX_CM4.a(rt_system.o)
                0x0000a148                os_tick_init
 .text.os_tick_irqack
                0x0000a188        0x4 C:/ProgramData/MATLAB/SupportPackages/R2023a/3P.instrset/cmsis.instrset/CMSIS/RTOS/RTX/LIB/GCC/libRTX_CM4.a(rt_system.o)
                0x0000a188                os_tick_irqack
 .text.rt_systick
                0x0000a18c       0x3c C:/ProgramData/MATLAB/SupportPackages/R2023a/3P.instrset/cmsis.instrset/CMSIS/RTOS/RTX/LIB/GCC/libRTX_CM4.a(rt_system.o)
                0x0000a18c                rt_systick
 .text.rt_stk_check
                0x0000a1c8       0x24 C:/ProgramData/MATLAB/SupportPackages/R2023a/3P.instrset/cmsis.instrset/CMSIS/RTOS/RTX/LIB/GCC/libRTX_CM4.a(rt_system.o)
                0x0000a1c8                rt_stk_check
 .text.rt_switch_req
                0x0000a1ec       0x24 C:/ProgramData/MATLAB/SupportPackages/R2023a/3P.instrset/cmsis.instrset/CMSIS/RTOS/RTX/LIB/GCC/libRTX_CM4.a(rt_task.o)
                0x0000a1ec                rt_switch_req
 .text.rt_dispatch
                0x0000a210       0x78 C:/ProgramData/MATLAB/SupportPackages/R2023a/3P.instrset/cmsis.instrset/CMSIS/RTOS/RTX/LIB/GCC/libRTX_CM4.a(rt_task.o)
                0x0000a210                rt_dispatch
 .text.rt_block
                0x0000a288       0x50 C:/ProgramData/MATLAB/SupportPackages/R2023a/3P.instrset/cmsis.instrset/CMSIS/RTOS/RTX/LIB/GCC/libRTX_CM4.a(rt_task.o)
                0x0000a288                rt_block
 .text.rt_tsk_self
                0x0000a2d8       0x10 C:/ProgramData/MATLAB/SupportPackages/R2023a/3P.instrset/cmsis.instrset/CMSIS/RTOS/RTX/LIB/GCC/libRTX_CM4.a(rt_task.o)
                0x0000a2d8                rt_tsk_self
 .text.rt_tsk_prio
                0x0000a2e8       0xa0 C:/ProgramData/MATLAB/SupportPackages/R2023a/3P.instrset/cmsis.instrset/CMSIS/RTOS/RTX/LIB/GCC/libRTX_CM4.a(rt_task.o)
                0x0000a2e8                rt_tsk_prio
 .text.rt_tsk_create
                0x0000a388       0xc8 C:/ProgramData/MATLAB/SupportPackages/R2023a/3P.instrset/cmsis.instrset/CMSIS/RTOS/RTX/LIB/GCC/libRTX_CM4.a(rt_task.o)
                0x0000a388                rt_tsk_create
 .text.rt_tsk_delete
                0x0000a450      0x1bc C:/ProgramData/MATLAB/SupportPackages/R2023a/3P.instrset/cmsis.instrset/CMSIS/RTOS/RTX/LIB/GCC/libRTX_CM4.a(rt_task.o)
                0x0000a450                rt_tsk_delete
 .text.rt_sys_init
                0x0000a60c       0xdc C:/ProgramData/MATLAB/SupportPackages/R2023a/3P.instrset/cmsis.instrset/CMSIS/RTOS/RTX/LIB/GCC/libRTX_CM4.a(rt_task.o)
                0x0000a60c                rt_sys_init
 .text.rt_sys_start
                0x0000a6e8       0x8c C:/ProgramData/MATLAB/SupportPackages/R2023a/3P.instrset/cmsis.instrset/CMSIS/RTOS/RTX/LIB/GCC/libRTX_CM4.a(rt_task.o)
                0x0000a6e8                rt_sys_start
 .text.OSA_TimeInit
                0x0000a774       0x40 C:/ProgramData/MATLAB/SupportPackages/R2023a/toolbox/target/supportpackages/freedomk64f/src/ksdk_armgcc_lib/bm/libksdk_platform.a(fsl_os_abstraction_bm.o)
                0x0000a774                OSA_TimeInit
 .text.OSA_TimeDiff
                0x0000a7b4        0xe C:/ProgramData/MATLAB/SupportPackages/R2023a/toolbox/target/supportpackages/freedomk64f/src/ksdk_armgcc_lib/bm/libksdk_platform.a(fsl_os_abstraction_bm.o)
                0x0000a7b4                OSA_TimeDiff
 *fill*         0x0000a7c2        0x2 
 .text.OSA_SemaCreate
                0x0000a7c4       0x2c C:/ProgramData/MATLAB/SupportPackages/R2023a/toolbox/target/supportpackages/freedomk64f/src/ksdk_armgcc_lib/bm/libksdk_platform.a(fsl_os_abstraction_bm.o)
                0x0000a7c4                OSA_SemaCreate
 .text.OSA_SemaPost
                0x0000a7f0       0x3c C:/ProgramData/MATLAB/SupportPackages/R2023a/toolbox/target/supportpackages/freedomk64f/src/ksdk_armgcc_lib/bm/libksdk_platform.a(fsl_os_abstraction_bm.o)
                0x0000a7f0                OSA_SemaPost
 .text.task_init
                0x0000a82c       0x38 C:/ProgramData/MATLAB/SupportPackages/R2023a/toolbox/target/supportpackages/freedomk64f/src/ksdk_armgcc_lib/bm/libksdk_platform.a(fsl_os_abstraction_bm.o)
                0x0000a82c                task_init
 .text.OSA_TimeGetMsec
                0x0000a864        0xc C:/ProgramData/MATLAB/SupportPackages/R2023a/toolbox/target/supportpackages/freedomk64f/src/ksdk_armgcc_lib/bm/libksdk_platform.a(fsl_os_abstraction_bm.o)
                0x0000a864                OSA_TimeGetMsec
 .text.OSA_TimeDelay
                0x0000a870       0x1c C:/ProgramData/MATLAB/SupportPackages/R2023a/toolbox/target/supportpackages/freedomk64f/src/ksdk_armgcc_lib/bm/libksdk_platform.a(fsl_os_abstraction_bm.o)
                0x0000a870                OSA_TimeDelay
 .text.OSA_Init
                0x0000a88c        0xe C:/ProgramData/MATLAB/SupportPackages/R2023a/toolbox/target/supportpackages/freedomk64f/src/ksdk_armgcc_lib/bm/libksdk_platform.a(fsl_os_abstraction_bm.o)
                0x0000a88c                OSA_Init
 *fill*         0x0000a89a        0x2 
 .text.CLOCK_SYS_SetMcgPeeToFbe
                0x0000a89c       0x34 C:/ProgramData/MATLAB/SupportPackages/R2023a/toolbox/target/supportpackages/freedomk64f/src/ksdk_armgcc_lib/bm/libksdk_platform.a(fsl_clock_manager.o)
 .text.CLOCK_SYS_SetMcgMode
                0x0000a8d0      0x124 C:/ProgramData/MATLAB/SupportPackages/R2023a/toolbox/target/supportpackages/freedomk64f/src/ksdk_armgcc_lib/bm/libksdk_platform.a(fsl_clock_manager.o)
                0x0000a8d0                CLOCK_SYS_SetMcgMode
 .text.CLOCK_SYS_SetOscerConfigration
                0x0000a9f4       0x20 C:/ProgramData/MATLAB/SupportPackages/R2023a/toolbox/target/supportpackages/freedomk64f/src/ksdk_armgcc_lib/bm/libksdk_platform.a(fsl_clock_manager.o)
                0x0000a9f4                CLOCK_SYS_SetOscerConfigration
 .text.CLOCK_SYS_OscInit
                0x0000aa14       0x98 C:/ProgramData/MATLAB/SupportPackages/R2023a/toolbox/target/supportpackages/freedomk64f/src/ksdk_armgcc_lib/bm/libksdk_platform.a(fsl_clock_manager.o)
                0x0000aa14                CLOCK_SYS_OscInit
 .text.CLOCK_SYS_RtcOscInit
                0x0000aaac       0x6c C:/ProgramData/MATLAB/SupportPackages/R2023a/toolbox/target/supportpackages/freedomk64f/src/ksdk_armgcc_lib/bm/libksdk_platform.a(fsl_clock_manager.o)
                0x0000aaac                CLOCK_SYS_RtcOscInit
 .text.SIM_HAL_EnableClock.constprop.0
                0x0000ab18       0x1c C:/ProgramData/MATLAB/SupportPackages/R2023a/toolbox/target/supportpackages/freedomk64f/src/ksdk_armgcc_lib/bm/libksdk_platform.a(fsl_clock_MK64F12.o)
 .text.CLOCK_SYS_GetCoreClockFreq
                0x0000ab34       0x24 C:/ProgramData/MATLAB/SupportPackages/R2023a/toolbox/target/supportpackages/freedomk64f/src/ksdk_armgcc_lib/bm/libksdk_platform.a(fsl_clock_MK64F12.o)
                0x0000ab34                CLOCK_SYS_GetCoreClockFreq
 .text.CLOCK_SYS_SetConfiguration
                0x0000ab58       0x94 C:/ProgramData/MATLAB/SupportPackages/R2023a/toolbox/target/supportpackages/freedomk64f/src/ksdk_armgcc_lib/bm/libksdk_platform.a(fsl_clock_MK64F12.o)
                0x0000ab58                CLOCK_SYS_SetConfiguration
 .text.CLOCK_SYS_FllStableDelay
                0x0000abec       0x18 C:/ProgramData/MATLAB/SupportPackages/R2023a/toolbox/target/supportpackages/freedomk64f/src/ksdk_armgcc_lib/bm/libksdk_platform.a(fsl_clock_MK64F12.o)
 .text.CLOCK_SYS_GetBusClockFreq
                0x0000ac04       0x24 C:/ProgramData/MATLAB/SupportPackages/R2023a/toolbox/target/supportpackages/freedomk64f/src/ksdk_armgcc_lib/bm/libksdk_platform.a(fsl_clock_MK64F12.o)
                0x0000ac04                CLOCK_SYS_GetBusClockFreq
 .text.CLOCK_SYS_GetUartFreq
                0x0000ac28       0x16 C:/ProgramData/MATLAB/SupportPackages/R2023a/toolbox/target/supportpackages/freedomk64f/src/ksdk_armgcc_lib/bm/libksdk_platform.a(fsl_clock_MK64F12.o)
                0x0000ac28                CLOCK_SYS_GetUartFreq
 *fill*         0x0000ac3e        0x2 
 .text.CLOCK_SYS_GetFtmExternalFreq
                0x0000ac40       0x20 C:/ProgramData/MATLAB/SupportPackages/R2023a/toolbox/target/supportpackages/freedomk64f/src/ksdk_armgcc_lib/bm/libksdk_platform.a(fsl_clock_MK64F12.o)
                0x0000ac40                CLOCK_SYS_GetFtmExternalFreq
 .text.CLOCK_SYS_EnablePortClock
                0x0000ac60       0x30 C:/ProgramData/MATLAB/SupportPackages/R2023a/toolbox/target/supportpackages/freedomk64f/src/ksdk_armgcc_lib/bm/libksdk_platform.a(fsl_clock_MK64F12.o)
                0x0000ac60                CLOCK_SYS_EnablePortClock
 .text.CLOCK_SYS_EnableAdcClock
                0x0000ac90       0x30 C:/ProgramData/MATLAB/SupportPackages/R2023a/toolbox/target/supportpackages/freedomk64f/src/ksdk_armgcc_lib/bm/libksdk_platform.a(fsl_clock_MK64F12.o)
                0x0000ac90                CLOCK_SYS_EnableAdcClock
 .text.CLOCK_SYS_EnableFtmClock
                0x0000acc0       0x30 C:/ProgramData/MATLAB/SupportPackages/R2023a/toolbox/target/supportpackages/freedomk64f/src/ksdk_armgcc_lib/bm/libksdk_platform.a(fsl_clock_MK64F12.o)
                0x0000acc0                CLOCK_SYS_EnableFtmClock
 .text.CLOCK_SYS_EnableI2cClock
                0x0000acf0       0x30 C:/ProgramData/MATLAB/SupportPackages/R2023a/toolbox/target/supportpackages/freedomk64f/src/ksdk_armgcc_lib/bm/libksdk_platform.a(fsl_clock_MK64F12.o)
                0x0000acf0                CLOCK_SYS_EnableI2cClock
 .text.CLOCK_SYS_EnableUartClock
                0x0000ad20       0x30 C:/ProgramData/MATLAB/SupportPackages/R2023a/toolbox/target/supportpackages/freedomk64f/src/ksdk_armgcc_lib/bm/libksdk_platform.a(fsl_clock_MK64F12.o)
                0x0000ad20                CLOCK_SYS_EnableUartClock
 .text.INT_SYS_EnableIRQGlobal
                0x0000ad50       0x14 C:/ProgramData/MATLAB/SupportPackages/R2023a/toolbox/target/supportpackages/freedomk64f/src/ksdk_armgcc_lib/bm/libksdk_platform.a(fsl_interrupt_manager.o)
                0x0000ad50                INT_SYS_EnableIRQGlobal
 .text.INT_SYS_DisableIRQGlobal
                0x0000ad64       0x10 C:/ProgramData/MATLAB/SupportPackages/R2023a/toolbox/target/supportpackages/freedomk64f/src/ksdk_armgcc_lib/bm/libksdk_platform.a(fsl_interrupt_manager.o)
                0x0000ad64                INT_SYS_DisableIRQGlobal
 .text.ADC16_HAL_GetChnConvCompletedFlag.part.0
                0x0000ad74       0x1c C:/ProgramData/MATLAB/SupportPackages/R2023a/toolbox/target/supportpackages/freedomk64f/src/ksdk_armgcc_lib/bm/libksdk_platform.a(fsl_adc16_driver.o)
 .text.ADC16_DRV_StructInitUserConfigDefault
                0x0000ad90       0x24 C:/ProgramData/MATLAB/SupportPackages/R2023a/toolbox/target/supportpackages/freedomk64f/src/ksdk_armgcc_lib/bm/libksdk_platform.a(fsl_adc16_driver.o)
                0x0000ad90                ADC16_DRV_StructInitUserConfigDefault
 .text.ADC16_DRV_Init
                0x0000adb4       0x90 C:/ProgramData/MATLAB/SupportPackages/R2023a/toolbox/target/supportpackages/freedomk64f/src/ksdk_armgcc_lib/bm/libksdk_platform.a(fsl_adc16_driver.o)
                0x0000adb4                ADC16_DRV_Init
 .text.ADC16_DRV_SetChnMux
                0x0000ae44       0x40 C:/ProgramData/MATLAB/SupportPackages/R2023a/toolbox/target/supportpackages/freedomk64f/src/ksdk_armgcc_lib/bm/libksdk_platform.a(fsl_adc16_driver.o)
                0x0000ae44                ADC16_DRV_SetChnMux
 .text.ADC16_DRV_ConfigConvChn
                0x0000ae84       0x38 C:/ProgramData/MATLAB/SupportPackages/R2023a/toolbox/target/supportpackages/freedomk64f/src/ksdk_armgcc_lib/bm/libksdk_platform.a(fsl_adc16_driver.o)
                0x0000ae84                ADC16_DRV_ConfigConvChn
 .text.ADC16_DRV_WaitConvDone
                0x0000aebc       0x48 C:/ProgramData/MATLAB/SupportPackages/R2023a/toolbox/target/supportpackages/freedomk64f/src/ksdk_armgcc_lib/bm/libksdk_platform.a(fsl_adc16_driver.o)
                0x0000aebc                ADC16_DRV_WaitConvDone
 .text.ADC16_DRV_GetConvValueRAW
                0x0000af04       0x50 C:/ProgramData/MATLAB/SupportPackages/R2023a/toolbox/target/supportpackages/freedomk64f/src/ksdk_armgcc_lib/bm/libksdk_platform.a(fsl_adc16_driver.o)
                0x0000af04                ADC16_DRV_GetConvValueRAW
 .text.EDMA_HAL_SetErrorIntCmd
                0x0000af54        0xa C:/ProgramData/MATLAB/SupportPackages/R2023a/toolbox/target/supportpackages/freedomk64f/src/ksdk_armgcc_lib/bm/libksdk_platform.a(fsl_edma_hal.o)
                0x0000af54                EDMA_HAL_SetErrorIntCmd
 .text.EDMA_HAL_SetDmaRequestCmd
                0x0000af5e        0xa C:/ProgramData/MATLAB/SupportPackages/R2023a/toolbox/target/supportpackages/freedomk64f/src/ksdk_armgcc_lib/bm/libksdk_platform.a(fsl_edma_hal.o)
                0x0000af5e                EDMA_HAL_SetDmaRequestCmd
 .text.EDMA_HAL_HTCDClearReg
                0x0000af68       0x4a C:/ProgramData/MATLAB/SupportPackages/R2023a/toolbox/target/supportpackages/freedomk64f/src/ksdk_armgcc_lib/bm/libksdk_platform.a(fsl_edma_hal.o)
                0x0000af68                EDMA_HAL_HTCDClearReg
 .text.EDMA_HAL_Init
                0x0000afb2       0x28 C:/ProgramData/MATLAB/SupportPackages/R2023a/toolbox/target/supportpackages/freedomk64f/src/ksdk_armgcc_lib/bm/libksdk_platform.a(fsl_edma_hal.o)
                0x0000afb2                EDMA_HAL_Init
 *fill*         0x0000afda        0x2 
 .text.EDMA_HAL_HTCDSetAttribute
                0x0000afdc       0x48 C:/ProgramData/MATLAB/SupportPackages/R2023a/toolbox/target/supportpackages/freedomk64f/src/ksdk_armgcc_lib/bm/libksdk_platform.a(fsl_edma_hal.o)
                0x0000afdc                EDMA_HAL_HTCDSetAttribute
 .text.EDMA_HAL_HTCDSetNbytes
                0x0000b024       0x7c C:/ProgramData/MATLAB/SupportPackages/R2023a/toolbox/target/supportpackages/freedomk64f/src/ksdk_armgcc_lib/bm/libksdk_platform.a(fsl_edma_hal.o)
                0x0000b024                EDMA_HAL_HTCDSetNbytes
 .text.EDMA_HAL_HTCDGetNbytes
                0x0000b0a0       0x68 C:/ProgramData/MATLAB/SupportPackages/R2023a/toolbox/target/supportpackages/freedomk64f/src/ksdk_armgcc_lib/bm/libksdk_platform.a(fsl_edma_hal.o)
                0x0000b0a0                EDMA_HAL_HTCDGetNbytes
 .text.EDMA_HAL_HTCDSetChannelMinorLink
                0x0000b108       0x80 C:/ProgramData/MATLAB/SupportPackages/R2023a/toolbox/target/supportpackages/freedomk64f/src/ksdk_armgcc_lib/bm/libksdk_platform.a(fsl_edma_hal.o)
                0x0000b108                EDMA_HAL_HTCDSetChannelMinorLink
 .text.EDMA_HAL_HTCDSetMajorCount
                0x0000b188       0x78 C:/ProgramData/MATLAB/SupportPackages/R2023a/toolbox/target/supportpackages/freedomk64f/src/ksdk_armgcc_lib/bm/libksdk_platform.a(fsl_edma_hal.o)
                0x0000b188                EDMA_HAL_HTCDSetMajorCount
 .text.EDMA_HAL_HTCDGetUnfinishedBytes
                0x0000b200       0x54 C:/ProgramData/MATLAB/SupportPackages/R2023a/toolbox/target/supportpackages/freedomk64f/src/ksdk_armgcc_lib/bm/libksdk_platform.a(fsl_edma_hal.o)
                0x0000b200                EDMA_HAL_HTCDGetUnfinishedBytes
 .text.INT_SYS_EnableIRQ
                0x0000b254       0x48 C:/ProgramData/MATLAB/SupportPackages/R2023a/toolbox/target/supportpackages/freedomk64f/src/ksdk_armgcc_lib/bm/libksdk_platform.a(fsl_edma_driver.o)
 .text.EDMA_DRV_ClaimChannel
                0x0000b29c       0x70 C:/ProgramData/MATLAB/SupportPackages/R2023a/toolbox/target/supportpackages/freedomk64f/src/ksdk_armgcc_lib/bm/libksdk_platform.a(fsl_edma_driver.o)
 .text.EDMA_DRV_Init
                0x0000b30c       0x84 C:/ProgramData/MATLAB/SupportPackages/R2023a/toolbox/target/supportpackages/freedomk64f/src/ksdk_armgcc_lib/bm/libksdk_platform.a(fsl_edma_driver.o)
                0x0000b30c                EDMA_DRV_Init
 .text.EDMA_DRV_InstallCallback
                0x0000b390        0x8 C:/ProgramData/MATLAB/SupportPackages/R2023a/toolbox/target/supportpackages/freedomk64f/src/ksdk_armgcc_lib/bm/libksdk_platform.a(fsl_edma_driver.o)
                0x0000b390                EDMA_DRV_InstallCallback
 .text.EDMA_DRV_RequestChannel
                0x0000b398       0x70 C:/ProgramData/MATLAB/SupportPackages/R2023a/toolbox/target/supportpackages/freedomk64f/src/ksdk_armgcc_lib/bm/libksdk_platform.a(fsl_edma_driver.o)
                0x0000b398                EDMA_DRV_RequestChannel
 .text.EDMA_DRV_IRQHandler
                0x0000b408       0x30 C:/ProgramData/MATLAB/SupportPackages/R2023a/toolbox/target/supportpackages/freedomk64f/src/ksdk_armgcc_lib/bm/libksdk_platform.a(fsl_edma_driver.o)
                0x0000b408                EDMA_DRV_IRQHandler
 .text.EDMA_DRV_ErrorIRQHandler
                0x0000b438       0x8c C:/ProgramData/MATLAB/SupportPackages/R2023a/toolbox/target/supportpackages/freedomk64f/src/ksdk_armgcc_lib/bm/libksdk_platform.a(fsl_edma_driver.o)
                0x0000b438                EDMA_DRV_ErrorIRQHandler
 .text.FTM_HAL_SetClockSource
                0x0000b4c4       0x12 C:/ProgramData/MATLAB/SupportPackages/R2023a/toolbox/target/supportpackages/freedomk64f/src/ksdk_armgcc_lib/bm/libksdk_platform.a(fsl_ftm_driver.o)
 *fill*         0x0000b4d6        0x2 
 .text.FTM_HAL_SetChnCountVal.part.0
                0x0000b4d8       0x1c C:/ProgramData/MATLAB/SupportPackages/R2023a/toolbox/target/supportpackages/freedomk64f/src/ksdk_armgcc_lib/bm/libksdk_platform.a(fsl_ftm_driver.o)
 .text.FTM_DRV_Init
                0x0000b4f4      0x10c C:/ProgramData/MATLAB/SupportPackages/R2023a/toolbox/target/supportpackages/freedomk64f/src/ksdk_armgcc_lib/bm/libksdk_platform.a(fsl_ftm_driver.o)
                0x0000b4f4                FTM_DRV_Init
 .text.FTM_DRV_SetClock
                0x0000b600       0x54 C:/ProgramData/MATLAB/SupportPackages/R2023a/toolbox/target/supportpackages/freedomk64f/src/ksdk_armgcc_lib/bm/libksdk_platform.a(fsl_ftm_driver.o)
                0x0000b600                FTM_DRV_SetClock
 .text.FTM_DRV_GetClock
                0x0000b654       0x68 C:/ProgramData/MATLAB/SupportPackages/R2023a/toolbox/target/supportpackages/freedomk64f/src/ksdk_armgcc_lib/bm/libksdk_platform.a(fsl_ftm_driver.o)
                0x0000b654                FTM_DRV_GetClock
 .text.FTM_DRV_PwmStart
                0x0000b6bc      0x1cc C:/ProgramData/MATLAB/SupportPackages/R2023a/toolbox/target/supportpackages/freedomk64f/src/ksdk_armgcc_lib/bm/libksdk_platform.a(fsl_ftm_driver.o)
                0x0000b6bc                FTM_DRV_PwmStart
 .text.PORT_HAL_SetMuxMode.part.0
                0x0000b888       0x1c C:/ProgramData/MATLAB/SupportPackages/R2023a/toolbox/target/supportpackages/freedomk64f/src/ksdk_armgcc_lib/bm/libksdk_platform.a(fsl_gpio_driver.o)
 .text.GPIO_DRV_InputPinInit
                0x0000b8a4       0xe4 C:/ProgramData/MATLAB/SupportPackages/R2023a/toolbox/target/supportpackages/freedomk64f/src/ksdk_armgcc_lib/bm/libksdk_platform.a(fsl_gpio_driver.o)
                0x0000b8a4                GPIO_DRV_InputPinInit
 .text.GPIO_DRV_OutputPinInit
                0x0000b988       0x78 C:/ProgramData/MATLAB/SupportPackages/R2023a/toolbox/target/supportpackages/freedomk64f/src/ksdk_armgcc_lib/bm/libksdk_platform.a(fsl_gpio_driver.o)
                0x0000b988                GPIO_DRV_OutputPinInit
 .text.GPIO_DRV_WritePinOutput
                0x0000ba00       0x1c C:/ProgramData/MATLAB/SupportPackages/R2023a/toolbox/target/supportpackages/freedomk64f/src/ksdk_armgcc_lib/bm/libksdk_platform.a(fsl_gpio_driver.o)
                0x0000ba00                GPIO_DRV_WritePinOutput
 .text.GPIO_DRV_ReadPinInput
                0x0000ba1c       0x3c C:/ProgramData/MATLAB/SupportPackages/R2023a/toolbox/target/supportpackages/freedomk64f/src/ksdk_armgcc_lib/bm/libksdk_platform.a(fsl_gpio_driver.o)
                0x0000ba1c                GPIO_DRV_ReadPinInput
 .text.I2C_HAL_Init
                0x0000ba58       0x1c C:/ProgramData/MATLAB/SupportPackages/R2023a/toolbox/target/supportpackages/freedomk64f/src/ksdk_armgcc_lib/bm/libksdk_platform.a(fsl_i2c_hal.o)
                0x0000ba58                I2C_HAL_Init
 .text.I2C_HAL_SetBaudRate
                0x0000ba74       0x70 C:/ProgramData/MATLAB/SupportPackages/R2023a/toolbox/target/supportpackages/freedomk64f/src/ksdk_armgcc_lib/bm/libksdk_platform.a(fsl_i2c_hal.o)
                0x0000ba74                I2C_HAL_SetBaudRate
 .text.I2C_HAL_SendStart
                0x0000bae4       0x20 C:/ProgramData/MATLAB/SupportPackages/R2023a/toolbox/target/supportpackages/freedomk64f/src/ksdk_armgcc_lib/bm/libksdk_platform.a(fsl_i2c_hal.o)
                0x0000bae4                I2C_HAL_SendStart
 .text.I2C_HAL_SendStop
                0x0000bb04       0x50 C:/ProgramData/MATLAB/SupportPackages/R2023a/toolbox/target/supportpackages/freedomk64f/src/ksdk_armgcc_lib/bm/libksdk_platform.a(fsl_i2c_hal.o)
                0x0000bb04                I2C_HAL_SendStop
 .text.LPTMR_HAL_SetTimerWorkingMode
                0x0000bb54       0x3c C:/ProgramData/MATLAB/SupportPackages/R2023a/toolbox/target/supportpackages/freedomk64f/src/ksdk_armgcc_lib/bm/libksdk_platform.a(fsl_lptmr_hal.o)
                0x0000bb54                LPTMR_HAL_SetTimerWorkingMode
 .text.LPTMR_HAL_SetPrescalerMode
                0x0000bb90       0x1c C:/ProgramData/MATLAB/SupportPackages/R2023a/toolbox/target/supportpackages/freedomk64f/src/ksdk_armgcc_lib/bm/libksdk_platform.a(fsl_lptmr_hal.o)
                0x0000bb90                LPTMR_HAL_SetPrescalerMode
 .text.LPTMR_HAL_GetCounterValue
                0x0000bbac        0xe C:/ProgramData/MATLAB/SupportPackages/R2023a/toolbox/target/supportpackages/freedomk64f/src/ksdk_armgcc_lib/bm/libksdk_platform.a(fsl_lptmr_hal.o)
                0x0000bbac                LPTMR_HAL_GetCounterValue
 *fill*         0x0000bbba        0x2 
 .text.CLOCK_HAL_TestOscFreq
                0x0000bbbc       0x28 C:/ProgramData/MATLAB/SupportPackages/R2023a/toolbox/target/supportpackages/freedomk64f/src/ksdk_armgcc_lib/bm/libksdk_platform.a(fsl_mcg_hal.o)
                0x0000bbbc                CLOCK_HAL_TestOscFreq
 .text.CLOCK_HAL_GetMcgExternalClkFreq
                0x0000bbe4        0xa C:/ProgramData/MATLAB/SupportPackages/R2023a/toolbox/target/supportpackages/freedomk64f/src/ksdk_armgcc_lib/bm/libksdk_platform.a(fsl_mcg_hal.o)
 .text.CLOCK_HAL_TestFllExternalRefFreq
                0x0000bbee       0x2c C:/ProgramData/MATLAB/SupportPackages/R2023a/toolbox/target/supportpackages/freedomk64f/src/ksdk_armgcc_lib/bm/libksdk_platform.a(fsl_mcg_hal.o)
                0x0000bbee                CLOCK_HAL_TestFllExternalRefFreq
 *fill*         0x0000bc1a        0x2 
 .text.CLOCK_HAL_GetFllRefClk
                0x0000bc1c       0x40 C:/ProgramData/MATLAB/SupportPackages/R2023a/toolbox/target/supportpackages/freedomk64f/src/ksdk_armgcc_lib/bm/libksdk_platform.a(fsl_mcg_hal.o)
                0x0000bc1c                CLOCK_HAL_GetFllRefClk
 .text.CLOCK_HAL_TestFllFreq
                0x0000bc5c       0x34 C:/ProgramData/MATLAB/SupportPackages/R2023a/toolbox/target/supportpackages/freedomk64f/src/ksdk_armgcc_lib/bm/libksdk_platform.a(fsl_mcg_hal.o)
                0x0000bc5c                CLOCK_HAL_TestFllFreq
 .text.CLOCK_HAL_GetFllClk
                0x0000bc90       0x3c C:/ProgramData/MATLAB/SupportPackages/R2023a/toolbox/target/supportpackages/freedomk64f/src/ksdk_armgcc_lib/bm/libksdk_platform.a(fsl_mcg_hal.o)
                0x0000bc90                CLOCK_HAL_GetFllClk
 .text.CLOCK_HAL_UpdateFastClkInternalRefDiv
                0x0000bccc       0x58 C:/ProgramData/MATLAB/SupportPackages/R2023a/toolbox/target/supportpackages/freedomk64f/src/ksdk_armgcc_lib/bm/libksdk_platform.a(fsl_mcg_hal.o)
                0x0000bccc                CLOCK_HAL_UpdateFastClkInternalRefDiv
 .text.CLOCK_HAL_GetPll0Clk
                0x0000bd24       0x48 C:/ProgramData/MATLAB/SupportPackages/R2023a/toolbox/target/supportpackages/freedomk64f/src/ksdk_armgcc_lib/bm/libksdk_platform.a(fsl_mcg_hal.o)
                0x0000bd24                CLOCK_HAL_GetPll0Clk
 .text.CLOCK_HAL_EnablePll0InFllMode
                0x0000bd6c       0x38 C:/ProgramData/MATLAB/SupportPackages/R2023a/toolbox/target/supportpackages/freedomk64f/src/ksdk_armgcc_lib/bm/libksdk_platform.a(fsl_mcg_hal.o)
                0x0000bd6c                CLOCK_HAL_EnablePll0InFllMode
 .text.CLOCK_HAL_GetInternalRefClk
                0x0000bda4       0x40 C:/ProgramData/MATLAB/SupportPackages/R2023a/toolbox/target/supportpackages/freedomk64f/src/ksdk_armgcc_lib/bm/libksdk_platform.a(fsl_mcg_hal.o)
                0x0000bda4                CLOCK_HAL_GetInternalRefClk
 .text.CLOCK_HAL_GetOutClk
                0x0000bde4       0x22 C:/ProgramData/MATLAB/SupportPackages/R2023a/toolbox/target/supportpackages/freedomk64f/src/ksdk_armgcc_lib/bm/libksdk_platform.a(fsl_mcg_hal.o)
                0x0000bde4                CLOCK_HAL_GetOutClk
 .text.CLOCK_HAL_GetFixedFreqClk
                0x0000be06       0x20 C:/ProgramData/MATLAB/SupportPackages/R2023a/toolbox/target/supportpackages/freedomk64f/src/ksdk_armgcc_lib/bm/libksdk_platform.a(fsl_mcg_hal.o)
                0x0000be06                CLOCK_HAL_GetFixedFreqClk
 .text.CLOCK_HAL_SetOsc0Mode
                0x0000be26       0x24 C:/ProgramData/MATLAB/SupportPackages/R2023a/toolbox/target/supportpackages/freedomk64f/src/ksdk_armgcc_lib/bm/libksdk_platform.a(fsl_mcg_hal.o)
                0x0000be26                CLOCK_HAL_SetOsc0Mode
 *fill*         0x0000be4a        0x2 
 .text.CLOCK_HAL_PrepareOsc
                0x0000be4c       0x30 C:/ProgramData/MATLAB/SupportPackages/R2023a/toolbox/target/supportpackages/freedomk64f/src/ksdk_armgcc_lib/bm/libksdk_platform.a(fsl_mcg_hal_modes.o)
 .text.CLOCK_HAL_GetMcgMode
                0x0000be7c       0x7c C:/ProgramData/MATLAB/SupportPackages/R2023a/toolbox/target/supportpackages/freedomk64f/src/ksdk_armgcc_lib/bm/libksdk_platform.a(fsl_mcg_hal_modes.o)
                0x0000be7c                CLOCK_HAL_GetMcgMode
 .text.CLOCK_HAL_SetFbiMode
                0x0000bef8       0xc0 C:/ProgramData/MATLAB/SupportPackages/R2023a/toolbox/target/supportpackages/freedomk64f/src/ksdk_armgcc_lib/bm/libksdk_platform.a(fsl_mcg_hal_modes.o)
                0x0000bef8                CLOCK_HAL_SetFbiMode
 .text.CLOCK_HAL_SetFbeMode
                0x0000bfb8       0xf0 C:/ProgramData/MATLAB/SupportPackages/R2023a/toolbox/target/supportpackages/freedomk64f/src/ksdk_armgcc_lib/bm/libksdk_platform.a(fsl_mcg_hal_modes.o)
                0x0000bfb8                CLOCK_HAL_SetFbeMode
 .text.CLOCK_HAL_SetPbeMode
                0x0000c0a8       0xd8 C:/ProgramData/MATLAB/SupportPackages/R2023a/toolbox/target/supportpackages/freedomk64f/src/ksdk_armgcc_lib/bm/libksdk_platform.a(fsl_mcg_hal_modes.o)
                0x0000c0a8                CLOCK_HAL_SetPbeMode
 .text.OSC_HAL_SetCapacitor
                0x0000c180        0xe C:/ProgramData/MATLAB/SupportPackages/R2023a/toolbox/target/supportpackages/freedomk64f/src/ksdk_armgcc_lib/bm/libksdk_platform.a(fsl_osc_hal.o)
                0x0000c180                OSC_HAL_SetCapacitor
 .text.CLOCK_HAL_SetOutDiv
                0x0000c18e       0x28 C:/ProgramData/MATLAB/SupportPackages/R2023a/toolbox/target/supportpackages/freedomk64f/src/ksdk_armgcc_lib/bm/libksdk_platform.a(fsl_sim_hal_MK64F12.o)
                0x0000c18e                CLOCK_HAL_SetOutDiv
 *fill*         0x0000c1b6        0x2 
 .text.SIM_HAL_GetFtmExternalClkPinMode
                0x0000c1b8       0x70 C:/ProgramData/MATLAB/SupportPackages/R2023a/toolbox/target/supportpackages/freedomk64f/src/ksdk_armgcc_lib/bm/libksdk_platform.a(fsl_sim_hal_MK64F12.o)
                0x0000c1b8                SIM_HAL_GetFtmExternalClkPinMode
 .text.UART_DRV_CompleteSendData
                0x0000c228       0x54 C:/ProgramData/MATLAB/SupportPackages/R2023a/toolbox/target/supportpackages/freedomk64f/src/ksdk_armgcc_lib/bm/libksdk_platform.a(fsl_uart_driver.o)
 .text.UART_DRV_CompleteReceiveData
                0x0000c27c       0x5c C:/ProgramData/MATLAB/SupportPackages/R2023a/toolbox/target/supportpackages/freedomk64f/src/ksdk_armgcc_lib/bm/libksdk_platform.a(fsl_uart_driver.o)
 .text.UART_DRV_IRQHandler
                0x0000c2d8       0xdc C:/ProgramData/MATLAB/SupportPackages/R2023a/toolbox/target/supportpackages/freedomk64f/src/ksdk_armgcc_lib/bm/libksdk_platform.a(fsl_uart_driver.o)
                0x0000c2d8                UART_DRV_IRQHandler
 .text.EDMA_HAL_HTCDSetIntCmd
                0x0000c3b4       0x14 C:/ProgramData/MATLAB/SupportPackages/R2023a/toolbox/target/supportpackages/freedomk64f/src/ksdk_armgcc_lib/bm/libksdk_platform.a(fsl_uart_edma_driver.o)
 .text.UART_DRV_EdmaCompleteSendData
                0x0000c3c8       0x60 C:/ProgramData/MATLAB/SupportPackages/R2023a/toolbox/target/supportpackages/freedomk64f/src/ksdk_armgcc_lib/bm/libksdk_platform.a(fsl_uart_edma_driver.o)
 .text.UART_DRV_EdmaTxCallback
                0x0000c428        0x4 C:/ProgramData/MATLAB/SupportPackages/R2023a/toolbox/target/supportpackages/freedomk64f/src/ksdk_armgcc_lib/bm/libksdk_platform.a(fsl_uart_edma_driver.o)
 .text.UART_DRV_EdmaCompleteReceiveData
                0x0000c42c       0x64 C:/ProgramData/MATLAB/SupportPackages/R2023a/toolbox/target/supportpackages/freedomk64f/src/ksdk_armgcc_lib/bm/libksdk_platform.a(fsl_uart_edma_driver.o)
 .text.UART_DRV_EdmaRxCallback
                0x0000c490        0x4 C:/ProgramData/MATLAB/SupportPackages/R2023a/toolbox/target/supportpackages/freedomk64f/src/ksdk_armgcc_lib/bm/libksdk_platform.a(fsl_uart_edma_driver.o)
 .text.UART_DRV_EdmaStartSendData
                0x0000c494       0x78 C:/ProgramData/MATLAB/SupportPackages/R2023a/toolbox/target/supportpackages/freedomk64f/src/ksdk_armgcc_lib/bm/libksdk_platform.a(fsl_uart_edma_driver.o)
 .text.UART_DRV_EdmaInit
                0x0000c50c      0x260 C:/ProgramData/MATLAB/SupportPackages/R2023a/toolbox/target/supportpackages/freedomk64f/src/ksdk_armgcc_lib/bm/libksdk_platform.a(fsl_uart_edma_driver.o)
                0x0000c50c                UART_DRV_EdmaInit
 .text.UART_DRV_EdmaSendData
                0x0000c76c       0x48 C:/ProgramData/MATLAB/SupportPackages/R2023a/toolbox/target/supportpackages/freedomk64f/src/ksdk_armgcc_lib/bm/libksdk_platform.a(fsl_uart_edma_driver.o)
                0x0000c76c                UART_DRV_EdmaSendData
 .text.UART_DRV_EdmaGetTransmitStatus
                0x0000c7b4       0x58 C:/ProgramData/MATLAB/SupportPackages/R2023a/toolbox/target/supportpackages/freedomk64f/src/ksdk_armgcc_lib/bm/libksdk_platform.a(fsl_uart_edma_driver.o)
                0x0000c7b4                UART_DRV_EdmaGetTransmitStatus
 .text.ADC16_HAL_Init
                0x0000c80c       0x10 C:/ProgramData/MATLAB/SupportPackages/R2023a/toolbox/target/supportpackages/freedomk64f/src/ksdk_armgcc_lib/bm/libksdk_platform.a(fsl_adc16_hal.o)
                0x0000c80c                ADC16_HAL_Init
 .text.ADC16_HAL_ConfigChn
                0x0000c81c       0x40 C:/ProgramData/MATLAB/SupportPackages/R2023a/toolbox/target/supportpackages/freedomk64f/src/ksdk_armgcc_lib/bm/libksdk_platform.a(fsl_adc16_hal.o)
                0x0000c81c                ADC16_HAL_ConfigChn
 .text.ADC16_HAL_ConfigConverter
                0x0000c85c       0x92 C:/ProgramData/MATLAB/SupportPackages/R2023a/toolbox/target/supportpackages/freedomk64f/src/ksdk_armgcc_lib/bm/libksdk_platform.a(fsl_adc16_hal.o)
                0x0000c85c                ADC16_HAL_ConfigConverter
 .text.DMAMUX_HAL_Init
                0x0000c8ee       0x22 C:/ProgramData/MATLAB/SupportPackages/R2023a/toolbox/target/supportpackages/freedomk64f/src/ksdk_armgcc_lib/bm/libksdk_platform.a(fsl_dmamux_hal.o)
                0x0000c8ee                DMAMUX_HAL_Init
 .text.FTM_HAL_SetChnEdgeLevel.part.0
                0x0000c910       0x1c C:/ProgramData/MATLAB/SupportPackages/R2023a/toolbox/target/supportpackages/freedomk64f/src/ksdk_armgcc_lib/bm/libksdk_platform.a(fsl_ftm_hal.o)
 .text.FTM_HAL_Init
                0x0000c92c       0x3c C:/ProgramData/MATLAB/SupportPackages/R2023a/toolbox/target/supportpackages/freedomk64f/src/ksdk_armgcc_lib/bm/libksdk_platform.a(fsl_ftm_hal.o)
                0x0000c92c                FTM_HAL_Init
 .text.FTM_HAL_SetSyncMode
                0x0000c968       0x98 C:/ProgramData/MATLAB/SupportPackages/R2023a/toolbox/target/supportpackages/freedomk64f/src/ksdk_armgcc_lib/bm/libksdk_platform.a(fsl_ftm_hal.o)
                0x0000c968                FTM_HAL_SetSyncMode
 .text.FTM_HAL_Reset
                0x0000ca00       0x3e C:/ProgramData/MATLAB/SupportPackages/R2023a/toolbox/target/supportpackages/freedomk64f/src/ksdk_armgcc_lib/bm/libksdk_platform.a(fsl_ftm_hal.o)
                0x0000ca00                FTM_HAL_Reset
 .text.FTM_HAL_GetChnPairIndex
                0x0000ca3e       0x1e C:/ProgramData/MATLAB/SupportPackages/R2023a/toolbox/target/supportpackages/freedomk64f/src/ksdk_armgcc_lib/bm/libksdk_platform.a(fsl_ftm_hal.o)
                0x0000ca3e                FTM_HAL_GetChnPairIndex
 .text.FTM_HAL_EnablePwmMode
                0x0000ca5c       0xd8 C:/ProgramData/MATLAB/SupportPackages/R2023a/toolbox/target/supportpackages/freedomk64f/src/ksdk_armgcc_lib/bm/libksdk_platform.a(fsl_ftm_hal.o)
                0x0000ca5c                FTM_HAL_EnablePwmMode
 .text.GPIO_HAL_SetPinDir
                0x0000cb34       0x34 C:/ProgramData/MATLAB/SupportPackages/R2023a/toolbox/target/supportpackages/freedomk64f/src/ksdk_armgcc_lib/bm/libksdk_platform.a(fsl_gpio_hal.o)
                0x0000cb34                GPIO_HAL_SetPinDir
 .text.GPIO_HAL_WritePinOutput
                0x0000cb68       0x30 C:/ProgramData/MATLAB/SupportPackages/R2023a/toolbox/target/supportpackages/freedomk64f/src/ksdk_armgcc_lib/bm/libksdk_platform.a(fsl_gpio_hal.o)
                0x0000cb68                GPIO_HAL_WritePinOutput
 .text.UART_HAL_Init
                0x0000cb98       0x2a C:/ProgramData/MATLAB/SupportPackages/R2023a/toolbox/target/supportpackages/freedomk64f/src/ksdk_armgcc_lib/bm/libksdk_platform.a(fsl_uart_hal.o)
                0x0000cb98                UART_HAL_Init
 .text.UART_HAL_SetBaudRate
                0x0000cbc2       0x42 C:/ProgramData/MATLAB/SupportPackages/R2023a/toolbox/target/supportpackages/freedomk64f/src/ksdk_armgcc_lib/bm/libksdk_platform.a(fsl_uart_hal.o)
                0x0000cbc2                UART_HAL_SetBaudRate
 .text.UART_HAL_SetParityMode
                0x0000cc04       0x18 C:/ProgramData/MATLAB/SupportPackages/R2023a/toolbox/target/supportpackages/freedomk64f/src/ksdk_armgcc_lib/bm/libksdk_platform.a(fsl_uart_hal.o)
                0x0000cc04                UART_HAL_SetParityMode
 .text.UART_HAL_Putchar
                0x0000cc1c        0x6 C:/ProgramData/MATLAB/SupportPackages/R2023a/toolbox/target/supportpackages/freedomk64f/src/ksdk_armgcc_lib/bm/libksdk_platform.a(fsl_uart_hal.o)
                0x0000cc1c                UART_HAL_Putchar
 .text.UART_HAL_Getchar
                0x0000cc22        0x8 C:/ProgramData/MATLAB/SupportPackages/R2023a/toolbox/target/supportpackages/freedomk64f/src/ksdk_armgcc_lib/bm/libksdk_platform.a(fsl_uart_hal.o)
                0x0000cc22                UART_HAL_Getchar
 .text.UART_HAL_SetIntMode
                0x0000cc2a       0x66 C:/ProgramData/MATLAB/SupportPackages/R2023a/toolbox/target/supportpackages/freedomk64f/src/ksdk_armgcc_lib/bm/libksdk_platform.a(fsl_uart_hal.o)
                0x0000cc2a                UART_HAL_SetIntMode
 .text.UART_HAL_SetTxDmaCmd
                0x0000cc90       0x28 C:/ProgramData/MATLAB/SupportPackages/R2023a/toolbox/target/supportpackages/freedomk64f/src/ksdk_armgcc_lib/bm/libksdk_platform.a(fsl_uart_hal.o)
                0x0000cc90                UART_HAL_SetTxDmaCmd
 .text.UART_HAL_SetRxDmaCmd
                0x0000ccb8       0x1c C:/ProgramData/MATLAB/SupportPackages/R2023a/toolbox/target/supportpackages/freedomk64f/src/ksdk_armgcc_lib/bm/libksdk_platform.a(fsl_uart_hal.o)
                0x0000ccb8                UART_HAL_SetRxDmaCmd
 .text.UART_HAL_GetStatusFlag
                0x0000ccd4       0x30 C:/ProgramData/MATLAB/SupportPackages/R2023a/toolbox/target/supportpackages/freedomk64f/src/ksdk_armgcc_lib/bm/libksdk_platform.a(fsl_uart_hal.o)
                0x0000ccd4                UART_HAL_GetStatusFlag
 .text.UART_HAL_ClearStatusFlag
                0x0000cd04       0x7a C:/ProgramData/MATLAB/SupportPackages/R2023a/toolbox/target/supportpackages/freedomk64f/src/ksdk_armgcc_lib/bm/libksdk_platform.a(fsl_uart_hal.o)
                0x0000cd04                UART_HAL_ClearStatusFlag
 *fill*         0x0000cd7e        0x2 
 .text.ceil     0x0000cd80      0x100 c:/programdata/matlab/supportpackages/r2023a/3p.instrset/gnuarm-armcortex.instrset/win/bin/../lib/gcc/arm-none-eabi/9.3.1/../../../../arm-none-eabi/lib/thumb/v7e-m+fp/hard\libm.a(lib_a-s_ceil.o)
                0x0000cd80                ceil
 .text.fabs     0x0000ce80       0x14 c:/programdata/matlab/supportpackages/r2023a/3p.instrset/gnuarm-armcortex.instrset/win/bin/../lib/gcc/arm-none-eabi/9.3.1/../../../../arm-none-eabi/lib/thumb/v7e-m+fp/hard\libm.a(lib_a-s_fabs.o)
                0x0000ce80                fabs
 *fill*         0x0000ce94        0x4 
 .text.floor    0x0000ce98      0x108 c:/programdata/matlab/supportpackages/r2023a/3p.instrset/gnuarm-armcortex.instrset/win/bin/../lib/gcc/arm-none-eabi/9.3.1/../../../../arm-none-eabi/lib/thumb/v7e-m+fp/hard\libm.a(lib_a-s_floor.o)
                0x0000ce98                floor
 .text.sqrt     0x0000cfa0       0x74 c:/programdata/matlab/supportpackages/r2023a/3p.instrset/gnuarm-armcortex.instrset/win/bin/../lib/gcc/arm-none-eabi/9.3.1/../../../../arm-none-eabi/lib/thumb/v7e-m+fp/hard\libm.a(lib_a-w_sqrt.o)
                0x0000cfa0                sqrt
 .text.__ieee754_sqrt
                0x0000d014      0x188 c:/programdata/matlab/supportpackages/r2023a/3p.instrset/gnuarm-armcortex.instrset/win/bin/../lib/gcc/arm-none-eabi/9.3.1/../../../../arm-none-eabi/lib/thumb/v7e-m+fp/hard\libm.a(lib_a-e_sqrt.o)
                0x0000d014                __ieee754_sqrt
 .text.abort    0x0000d19c       0x10 c:/programdata/matlab/supportpackages/r2023a/3p.instrset/gnuarm-armcortex.instrset/win/bin/../lib/gcc/arm-none-eabi/9.3.1/../../../../arm-none-eabi/lib/thumb/v7e-m+fp/hard\libg.a(lib_a-abort.o)
                0x0000d19c                abort
 .text.__assert_func
                0x0000d1ac       0x3c c:/programdata/matlab/supportpackages/r2023a/3p.instrset/gnuarm-armcortex.instrset/win/bin/../lib/gcc/arm-none-eabi/9.3.1/../../../../arm-none-eabi/lib/thumb/v7e-m+fp/hard\libg.a(lib_a-assert.o)
                0x0000d1ac                __assert_func
 .text.atexit   0x0000d1e8        0xc c:/programdata/matlab/supportpackages/r2023a/3p.instrset/gnuarm-armcortex.instrset/win/bin/../lib/gcc/arm-none-eabi/9.3.1/../../../../arm-none-eabi/lib/thumb/v7e-m+fp/hard\libg.a(lib_a-atexit.o)
                0x0000d1e8                atexit
 .text.__errno  0x0000d1f4        0xc c:/programdata/matlab/supportpackages/r2023a/3p.instrset/gnuarm-armcortex.instrset/win/bin/../lib/gcc/arm-none-eabi/9.3.1/../../../../arm-none-eabi/lib/thumb/v7e-m+fp/hard\libg.a(lib_a-errno.o)
                0x0000d1f4                __errno
 .text.exit     0x0000d200       0x20 c:/programdata/matlab/supportpackages/r2023a/3p.instrset/gnuarm-armcortex.instrset/win/bin/../lib/gcc/arm-none-eabi/9.3.1/../../../../arm-none-eabi/lib/thumb/v7e-m+fp/hard\libg.a(lib_a-exit.o)
                0x0000d200                exit
 .text.__libc_fini_array
                0x0000d220       0x2c c:/programdata/matlab/supportpackages/r2023a/3p.instrset/gnuarm-armcortex.instrset/win/bin/../lib/gcc/arm-none-eabi/9.3.1/../../../../arm-none-eabi/lib/thumb/v7e-m+fp/hard\libg.a(lib_a-fini.o)
                0x0000d220                __libc_fini_array
 .text.fiprintf
                0x0000d24c       0x28 c:/programdata/matlab/supportpackages/r2023a/3p.instrset/gnuarm-armcortex.instrset/win/bin/../lib/gcc/arm-none-eabi/9.3.1/../../../../arm-none-eabi/lib/thumb/v7e-m+fp/hard\libg.a(lib_a-fiprintf.o)
                0x0000d24c                fiprintf
 .text.__libc_init_array
                0x0000d274       0x48 c:/programdata/matlab/supportpackages/r2023a/3p.instrset/gnuarm-armcortex.instrset/win/bin/../lib/gcc/arm-none-eabi/9.3.1/../../../../arm-none-eabi/lib/thumb/v7e-m+fp/hard\libg.a(lib_a-init.o)
                0x0000d274                __libc_init_array
 .text._malloc_r
                0x0000d2bc      0x574 c:/programdata/matlab/supportpackages/r2023a/3p.instrset/gnuarm-armcortex.instrset/win/bin/../lib/gcc/arm-none-eabi/9.3.1/../../../../arm-none-eabi/lib/thumb/v7e-m+fp/hard\libg.a(lib_a-mallocr.o)
                0x0000d2bc                _malloc_r